Archive member included to satisfy reference by file (symbol)

c:/ti/ccsv8/tools/compiler/gcc-arm-none-eabi-7-2017-q4-major-win32/bin/../lib/gcc/arm-none-eabi/7.2.1/../../../../arm-none-eabi/lib/thumb/v7e-m/fpv4-sp/hard\libc.a(lib_a-exit.o)
                              c:/ti/ccsv8/tools/compiler/gcc-arm-none-eabi-7-2017-q4-major-win32/bin/../lib/gcc/arm-none-eabi/7.2.1/../../../../arm-none-eabi/lib/thumb/v7e-m/fpv4-sp/hard/crt0.o (exit)
c:/ti/ccsv8/tools/compiler/gcc-arm-none-eabi-7-2017-q4-major-win32/bin/../lib/gcc/arm-none-eabi/7.2.1/../../../../arm-none-eabi/lib/thumb/v7e-m/fpv4-sp/hard\libc.a(lib_a-impure.o)
                              c:/ti/ccsv8/tools/compiler/gcc-arm-none-eabi-7-2017-q4-major-win32/bin/../lib/gcc/arm-none-eabi/7.2.1/../../../../arm-none-eabi/lib/thumb/v7e-m/fpv4-sp/hard\libc.a(lib_a-exit.o) (_global_impure_ptr)
c:/ti/ccsv8/tools/compiler/gcc-arm-none-eabi-7-2017-q4-major-win32/bin/../lib/gcc/arm-none-eabi/7.2.1/../../../../arm-none-eabi/lib/thumb/v7e-m/fpv4-sp/hard\libc.a(lib_a-init.o)
                              c:/ti/ccsv8/tools/compiler/gcc-arm-none-eabi-7-2017-q4-major-win32/bin/../lib/gcc/arm-none-eabi/7.2.1/../../../../arm-none-eabi/lib/thumb/v7e-m/fpv4-sp/hard/crt0.o (__libc_init_array)
c:/ti/ccsv8/tools/compiler/gcc-arm-none-eabi-7-2017-q4-major-win32/bin/../lib/gcc/arm-none-eabi/7.2.1/../../../../arm-none-eabi/lib/thumb/v7e-m/fpv4-sp/hard\libc.a(lib_a-memset.o)
                              c:/ti/ccsv8/tools/compiler/gcc-arm-none-eabi-7-2017-q4-major-win32/bin/../lib/gcc/arm-none-eabi/7.2.1/../../../../arm-none-eabi/lib/thumb/v7e-m/fpv4-sp/hard/crt0.o (memset)
c:/ti/ccsv8/tools/compiler/gcc-arm-none-eabi-7-2017-q4-major-win32/bin/../lib/gcc/arm-none-eabi/7.2.1/../../../../arm-none-eabi/lib/thumb/v7e-m/fpv4-sp/hard\libc.a(lib_a-__call_atexit.o)
                              c:/ti/ccsv8/tools/compiler/gcc-arm-none-eabi-7-2017-q4-major-win32/bin/../lib/gcc/arm-none-eabi/7.2.1/../../../../arm-none-eabi/lib/thumb/v7e-m/fpv4-sp/hard\libc.a(lib_a-exit.o) (__call_exitprocs)
c:/ti/ccsv8/tools/compiler/gcc-arm-none-eabi-7-2017-q4-major-win32/bin/../lib/gcc/arm-none-eabi/7.2.1/../../../../arm-none-eabi/lib/thumb/v7e-m/fpv4-sp/hard\libc.a(lib_a-atexit.o)
                              c:/ti/ccsv8/tools/compiler/gcc-arm-none-eabi-7-2017-q4-major-win32/bin/../lib/gcc/arm-none-eabi/7.2.1/../../../../arm-none-eabi/lib/thumb/v7e-m/fpv4-sp/hard\libc.a(lib_a-__call_atexit.o) (atexit)
c:/ti/ccsv8/tools/compiler/gcc-arm-none-eabi-7-2017-q4-major-win32/bin/../lib/gcc/arm-none-eabi/7.2.1/../../../../arm-none-eabi/lib/thumb/v7e-m/fpv4-sp/hard\libc.a(lib_a-fini.o)
                              c:/ti/ccsv8/tools/compiler/gcc-arm-none-eabi-7-2017-q4-major-win32/bin/../lib/gcc/arm-none-eabi/7.2.1/../../../../arm-none-eabi/lib/thumb/v7e-m/fpv4-sp/hard\libc.a(lib_a-__call_atexit.o) (__libc_fini_array)
c:/ti/ccsv8/tools/compiler/gcc-arm-none-eabi-7-2017-q4-major-win32/bin/../lib/gcc/arm-none-eabi/7.2.1/../../../../arm-none-eabi/lib/thumb/v7e-m/fpv4-sp/hard\libc.a(lib_a-lock.o)
                              c:/ti/ccsv8/tools/compiler/gcc-arm-none-eabi-7-2017-q4-major-win32/bin/../lib/gcc/arm-none-eabi/7.2.1/../../../../arm-none-eabi/lib/thumb/v7e-m/fpv4-sp/hard\libc.a(lib_a-__call_atexit.o) (__retarget_lock_acquire_recursive)
c:/ti/ccsv8/tools/compiler/gcc-arm-none-eabi-7-2017-q4-major-win32/bin/../lib/gcc/arm-none-eabi/7.2.1/../../../../arm-none-eabi/lib/thumb/v7e-m/fpv4-sp/hard\libc.a(lib_a-__atexit.o)
                              c:/ti/ccsv8/tools/compiler/gcc-arm-none-eabi-7-2017-q4-major-win32/bin/../lib/gcc/arm-none-eabi/7.2.1/../../../../arm-none-eabi/lib/thumb/v7e-m/fpv4-sp/hard\libc.a(lib_a-atexit.o) (__register_exitproc)
c:/ti/ccsv8/tools/compiler/gcc-arm-none-eabi-7-2017-q4-major-win32/bin/../lib/gcc/arm-none-eabi/7.2.1/thumb/v7e-m/fpv4-sp/hard\libgcc.a(_arm_addsubdf3.o)
                              ./PID_MA.o (__aeabi_f2d)
c:/ti/ccsv8/tools/compiler/gcc-arm-none-eabi-7-2017-q4-major-win32/bin/../lib/gcc/arm-none-eabi/7.2.1/../../../../arm-none-eabi/lib/thumb/v7e-m/fpv4-sp/hard\libnosys.a(_exit.o)
                              c:/ti/ccsv8/tools/compiler/gcc-arm-none-eabi-7-2017-q4-major-win32/bin/../lib/gcc/arm-none-eabi/7.2.1/../../../../arm-none-eabi/lib/thumb/v7e-m/fpv4-sp/hard\libc.a(lib_a-exit.o) (_exit)

Allocating common symbols
Common symbol       size              file

__lock___atexit_recursive_mutex
                    0x1               c:/ti/ccsv8/tools/compiler/gcc-arm-none-eabi-7-2017-q4-major-win32/bin/../lib/gcc/arm-none-eabi/7.2.1/../../../../arm-none-eabi/lib/thumb/v7e-m/fpv4-sp/hard\libc.a(lib_a-lock.o)
__lock___arc4random_mutex
                    0x1               c:/ti/ccsv8/tools/compiler/gcc-arm-none-eabi-7-2017-q4-major-win32/bin/../lib/gcc/arm-none-eabi/7.2.1/../../../../arm-none-eabi/lib/thumb/v7e-m/fpv4-sp/hard\libc.a(lib_a-lock.o)
pos                 0xc0              ./rtcs.o
__lock___env_recursive_mutex
                    0x1               c:/ti/ccsv8/tools/compiler/gcc-arm-none-eabi-7-2017-q4-major-win32/bin/../lib/gcc/arm-none-eabi/7.2.1/../../../../arm-none-eabi/lib/thumb/v7e-m/fpv4-sp/hard\libc.a(lib_a-lock.o)
__lock___sinit_recursive_mutex
                    0x1               c:/ti/ccsv8/tools/compiler/gcc-arm-none-eabi-7-2017-q4-major-win32/bin/../lib/gcc/arm-none-eabi/7.2.1/../../../../arm-none-eabi/lib/thumb/v7e-m/fpv4-sp/hard\libc.a(lib_a-lock.o)
__lock___malloc_recursive_mutex
                    0x1               c:/ti/ccsv8/tools/compiler/gcc-arm-none-eabi-7-2017-q4-major-win32/bin/../lib/gcc/arm-none-eabi/7.2.1/../../../../arm-none-eabi/lib/thumb/v7e-m/fpv4-sp/hard\libc.a(lib_a-lock.o)
current_task        0x1               ./rtcs.o
filter_pool         0x90              ./Filter.o
pot                 0xc0              ./rtcs.o
buffer_pool         0x820             ./circular_buffer.o
PID_pool            0x2c              ./PID_MA.o
poq                 0x2040            ./rtcs.o
__lock___at_quick_exit_mutex
                    0x1               c:/ti/ccsv8/tools/compiler/gcc-arm-none-eabi-7-2017-q4-major-win32/bin/../lib/gcc/arm-none-eabi/7.2.1/../../../../arm-none-eabi/lib/thumb/v7e-m/fpv4-sp/hard\libc.a(lib_a-lock.o)
__lock___dd_hash_mutex
                    0x1               c:/ti/ccsv8/tools/compiler/gcc-arm-none-eabi-7-2017-q4-major-win32/bin/../lib/gcc/arm-none-eabi/7.2.1/../../../../arm-none-eabi/lib/thumb/v7e-m/fpv4-sp/hard\libc.a(lib_a-lock.o)
__lock___tz_mutex   0x1               c:/ti/ccsv8/tools/compiler/gcc-arm-none-eabi-7-2017-q4-major-win32/bin/../lib/gcc/arm-none-eabi/7.2.1/../../../../arm-none-eabi/lib/thumb/v7e-m/fpv4-sp/hard\libc.a(lib_a-lock.o)
__lock___sfp_recursive_mutex
                    0x1               c:/ti/ccsv8/tools/compiler/gcc-arm-none-eabi-7-2017-q4-major-win32/bin/../lib/gcc/arm-none-eabi/7.2.1/../../../../arm-none-eabi/lib/thumb/v7e-m/fpv4-sp/hard\libc.a(lib_a-lock.o)

Memory Configuration

Name             Origin             Length             Attributes
FLASH            0x00000000         0x00040000         xr
SRAM             0x20000000         0x00008000         xw
*default*        0x00000000         0xffffffff

Linker script and memory map

LOAD c:/ti/ccsv8/tools/compiler/gcc-arm-none-eabi-7-2017-q4-major-win32/bin/../lib/gcc/arm-none-eabi/7.2.1/thumb/v7e-m/fpv4-sp/hard/crti.o
LOAD c:/ti/ccsv8/tools/compiler/gcc-arm-none-eabi-7-2017-q4-major-win32/bin/../lib/gcc/arm-none-eabi/7.2.1/thumb/v7e-m/fpv4-sp/hard/crtbegin.o
LOAD c:/ti/ccsv8/tools/compiler/gcc-arm-none-eabi-7-2017-q4-major-win32/bin/../lib/gcc/arm-none-eabi/7.2.1/../../../../arm-none-eabi/lib/thumb/v7e-m/fpv4-sp/hard/crt0.o
LOAD ./FPGA_comp.o
LOAD ./Filter.o
LOAD ./PID_MA.o
LOAD ./SPI.o
LOAD ./circular_buffer.o
LOAD ./gpio.o
LOAD ./main.o
LOAD ./rtcs.o
LOAD ./systick.o
LOAD ./test.o
LOAD ./uart.o
                0x00000000                PROVIDE (_intvecs_base_address, 0x0)

.intvecs
 *(.intvecs)
                0x20000000                PROVIDE (_vtable_base_address, 0x20000000)

.vtable
 *(.vtable)

.text           0x00000000     0x12e0
 CREATE_OBJECT_SYMBOLS
 *(.text)
 .text          0x00000000        0x0 c:/ti/ccsv8/tools/compiler/gcc-arm-none-eabi-7-2017-q4-major-win32/bin/../lib/gcc/arm-none-eabi/7.2.1/thumb/v7e-m/fpv4-sp/hard/crti.o
 .text          0x00000000       0x40 c:/ti/ccsv8/tools/compiler/gcc-arm-none-eabi-7-2017-q4-major-win32/bin/../lib/gcc/arm-none-eabi/7.2.1/thumb/v7e-m/fpv4-sp/hard/crtbegin.o
 .text          0x00000040       0x74 c:/ti/ccsv8/tools/compiler/gcc-arm-none-eabi-7-2017-q4-major-win32/bin/../lib/gcc/arm-none-eabi/7.2.1/../../../../arm-none-eabi/lib/thumb/v7e-m/fpv4-sp/hard/crt0.o
                0x00000040                _start
                0x00000040                _mainCRTStartup
 .text          0x000000b4        0x0 ./FPGA_comp.o
 .text          0x000000b4        0x0 ./Filter.o
 .text          0x000000b4        0x0 ./PID_MA.o
 .text          0x000000b4        0x0 ./SPI.o
 .text          0x000000b4        0x0 ./circular_buffer.o
 .text          0x000000b4        0x0 ./gpio.o
 .text          0x000000b4        0x0 ./main.o
 .text          0x000000b4        0x0 ./rtcs.o
 .text          0x000000b4        0x0 ./systick.o
 .text          0x000000b4        0x0 ./test.o
 .text          0x000000b4        0x0 ./uart.o
 .text          0x000000b4        0x0 c:/ti/ccsv8/tools/compiler/gcc-arm-none-eabi-7-2017-q4-major-win32/bin/../lib/gcc/arm-none-eabi/7.2.1/../../../../arm-none-eabi/lib/thumb/v7e-m/fpv4-sp/hard\libc.a(lib_a-exit.o)
 .text          0x000000b4        0x0 c:/ti/ccsv8/tools/compiler/gcc-arm-none-eabi-7-2017-q4-major-win32/bin/../lib/gcc/arm-none-eabi/7.2.1/../../../../arm-none-eabi/lib/thumb/v7e-m/fpv4-sp/hard\libc.a(lib_a-impure.o)
 .text          0x000000b4        0x0 c:/ti/ccsv8/tools/compiler/gcc-arm-none-eabi-7-2017-q4-major-win32/bin/../lib/gcc/arm-none-eabi/7.2.1/../../../../arm-none-eabi/lib/thumb/v7e-m/fpv4-sp/hard\libc.a(lib_a-init.o)
 .text          0x000000b4        0x0 c:/ti/ccsv8/tools/compiler/gcc-arm-none-eabi-7-2017-q4-major-win32/bin/../lib/gcc/arm-none-eabi/7.2.1/../../../../arm-none-eabi/lib/thumb/v7e-m/fpv4-sp/hard\libc.a(lib_a-memset.o)
 .text          0x000000b4        0x0 c:/ti/ccsv8/tools/compiler/gcc-arm-none-eabi-7-2017-q4-major-win32/bin/../lib/gcc/arm-none-eabi/7.2.1/../../../../arm-none-eabi/lib/thumb/v7e-m/fpv4-sp/hard\libc.a(lib_a-__call_atexit.o)
 .text          0x000000b4        0x0 c:/ti/ccsv8/tools/compiler/gcc-arm-none-eabi-7-2017-q4-major-win32/bin/../lib/gcc/arm-none-eabi/7.2.1/../../../../arm-none-eabi/lib/thumb/v7e-m/fpv4-sp/hard\libc.a(lib_a-atexit.o)
 .text          0x000000b4        0x0 c:/ti/ccsv8/tools/compiler/gcc-arm-none-eabi-7-2017-q4-major-win32/bin/../lib/gcc/arm-none-eabi/7.2.1/../../../../arm-none-eabi/lib/thumb/v7e-m/fpv4-sp/hard\libc.a(lib_a-fini.o)
 .text          0x000000b4        0x0 c:/ti/ccsv8/tools/compiler/gcc-arm-none-eabi-7-2017-q4-major-win32/bin/../lib/gcc/arm-none-eabi/7.2.1/../../../../arm-none-eabi/lib/thumb/v7e-m/fpv4-sp/hard\libc.a(lib_a-lock.o)
 .text          0x000000b4        0x0 c:/ti/ccsv8/tools/compiler/gcc-arm-none-eabi-7-2017-q4-major-win32/bin/../lib/gcc/arm-none-eabi/7.2.1/../../../../arm-none-eabi/lib/thumb/v7e-m/fpv4-sp/hard\libc.a(lib_a-__atexit.o)
 .text          0x000000b4      0x378 c:/ti/ccsv8/tools/compiler/gcc-arm-none-eabi-7-2017-q4-major-win32/bin/../lib/gcc/arm-none-eabi/7.2.1/thumb/v7e-m/fpv4-sp/hard\libgcc.a(_arm_addsubdf3.o)
                0x000000b4                __aeabi_drsub
                0x000000bc                __aeabi_dsub
                0x000000bc                __subdf3
                0x000000c0                __aeabi_dadd
                0x000000c0                __adddf3
                0x00000338                __floatunsidf
                0x00000338                __aeabi_ui2d
                0x00000358                __floatsidf
                0x00000358                __aeabi_i2d
                0x0000037c                __aeabi_f2d
                0x0000037c                __extendsfdf2
                0x000003c0                __floatundidf
                0x000003c0                __aeabi_ul2d
                0x000003d0                __floatdidf
                0x000003d0                __aeabi_l2d
 .text          0x0000042c        0x0 c:/ti/ccsv8/tools/compiler/gcc-arm-none-eabi-7-2017-q4-major-win32/bin/../lib/gcc/arm-none-eabi/7.2.1/../../../../arm-none-eabi/lib/thumb/v7e-m/fpv4-sp/hard\libnosys.a(_exit.o)
 .text          0x0000042c        0x0 c:/ti/ccsv8/tools/compiler/gcc-arm-none-eabi-7-2017-q4-major-win32/bin/../lib/gcc/arm-none-eabi/7.2.1/thumb/v7e-m/fpv4-sp/hard/crtend.o
 .text          0x0000042c        0x0 c:/ti/ccsv8/tools/compiler/gcc-arm-none-eabi-7-2017-q4-major-win32/bin/../lib/gcc/arm-none-eabi/7.2.1/thumb/v7e-m/fpv4-sp/hard/crtn.o
 *(.text.*)
 .text.voltage_to_duty_cycle
                0x0000042c       0x28 ./FPGA_comp.o
                0x0000042c                voltage_to_duty_cycle
 .text.init_filter
                0x00000454       0x40 ./Filter.o
                0x00000454                init_filter
 .text.run_filter
                0x00000494       0x60 ./Filter.o
                0x00000494                run_filter
 .text.init_PIDs
                0x000004f4       0x68 ./PID_MA.o
                0x000004f4                init_PIDs
 .text.run_PID  0x0000055c       0xe0 ./PID_MA.o
                0x0000055c                run_PID
 .text.PID_task
                0x0000063c       0x56 ./PID_MA.o
                0x0000063c                PID_task
 *fill*         0x00000692        0x2 
 .text.SPI_init
                0x00000694       0xd0 ./SPI.o
                0x00000694                SPI_init
 .text.data_transmit
                0x00000764       0x24 ./SPI.o
                0x00000764                data_transmit
 .text.send_byte
                0x00000788      0x108 ./SPI.o
                0x00000788                send_byte
 .text.receive_byte
                0x00000890       0x30 ./SPI.o
                0x00000890                receive_byte
 .text.SPI_task
                0x000008c0       0x12 ./SPI.o
                0x000008c0                SPI_task
 *fill*         0x000008d2        0x2 
 .text.initialize_buffer
                0x000008d4       0x24 ./circular_buffer.o
                0x000008d4                initialize_buffer
 .text.update_buffer
                0x000008f8       0x3c ./circular_buffer.o
                0x000008f8                update_buffer
 .text.peek_buffer
                0x00000934       0x40 ./circular_buffer.o
                0x00000934                peek_buffer
 .text.init_gpio
                0x00000974       0x4c ./gpio.o
                0x00000974                init_gpio
 .text.main     0x000009c0       0x70 ./main.o
                0x000009c0                main
 .text.retrieve_id
                0x00000a30       0x10 ./rtcs.o
                0x00000a30                retrieve_id
 .text.set_state
                0x00000a40       0x1c ./rtcs.o
                0x00000a40                set_state
 .text.wait     0x00000a5c       0x24 ./rtcs.o
                0x00000a5c                wait
 .text.i_am_alive
                0x00000a80       0x34 ./rtcs.o
                0x00000a80                i_am_alive
 .text.wait_sem
                0x00000ab4       0x6c ./rtcs.o
                0x00000ab4                wait_sem
 .text.signal   0x00000b20       0x18 ./rtcs.o
                0x00000b20                signal
 .text.preset_sem
                0x00000b38       0x14 ./rtcs.o
                0x00000b38                preset_sem
 .text.open_queue
                0x00000b4c       0x38 ./rtcs.o
                0x00000b4c                open_queue
 .text.put_queue
                0x00000b84       0x54 ./rtcs.o
                0x00000b84                put_queue
 .text.get_queue
                0x00000bd8       0x5c ./rtcs.o
                0x00000bd8                get_queue
 .text.start_task
                0x00000c34       0x34 ./rtcs.o
                0x00000c34                start_task
 .text.init_rtcs
                0x00000c68       0x34 ./rtcs.o
                0x00000c68                init_rtcs
 .text.schedule
                0x00000c9c       0xfc ./rtcs.o
                0x00000c9c                schedule
 .text.systick_handler
                0x00000d98       0x10 ./systick.o
                0x00000d98                systick_handler
 .text.enable_global_int
                0x00000da8        0x4 ./systick.o
                0x00000da8                enable_global_int
 .text.disable_global_int
                0x00000dac        0x4 ./systick.o
                0x00000dac                disable_global_int
 .text.init_systick
                0x00000db0       0x5c ./systick.o
                0x00000db0                init_systick
 .text.test_task
                0x00000e0c       0x48 ./test.o
                0x00000e0c                test_task
 .text.uart0_rx_rdy
                0x00000e54       0x10 ./uart.o
                0x00000e54                uart0_rx_rdy
 .text.uart0_getc
                0x00000e64        0xc ./uart.o
                0x00000e64                uart0_getc
 .text.uart0_tx_rdy
                0x00000e70       0x10 ./uart.o
                0x00000e70                uart0_tx_rdy
 .text.uart0_putc
                0x00000e80        0xc ./uart.o
                0x00000e80                uart0_putc
 .text.lcrh_databits
                0x00000e8c       0x10 ./uart.o
                0x00000e8c                lcrh_databits
 .text.lcrh_stopbits
                0x00000e9c        0xc ./uart.o
                0x00000e9c                lcrh_stopbits
 .text.lcrh_parity
                0x00000ea8       0x26 ./uart.o
                0x00000ea8                lcrh_parity
 *fill*         0x00000ece        0x2 
 .text.uart0_fifos_enable
                0x00000ed0       0x10 ./uart.o
                0x00000ed0                uart0_fifos_enable
 .text.uart0_fifos_disable
                0x00000ee0       0x10 ./uart.o
                0x00000ee0                uart0_fifos_disable
 .text.uart0_init
                0x00000ef0       0xa8 ./uart.o
                0x00000ef0                uart0_init
 .text.exit     0x00000f98       0x20 c:/ti/ccsv8/tools/compiler/gcc-arm-none-eabi-7-2017-q4-major-win32/bin/../lib/gcc/arm-none-eabi/7.2.1/../../../../arm-none-eabi/lib/thumb/v7e-m/fpv4-sp/hard\libc.a(lib_a-exit.o)
                0x00000f98                exit
 .text.__libc_init_array
                0x00000fb8       0x48 c:/ti/ccsv8/tools/compiler/gcc-arm-none-eabi-7-2017-q4-major-win32/bin/../lib/gcc/arm-none-eabi/7.2.1/../../../../arm-none-eabi/lib/thumb/v7e-m/fpv4-sp/hard\libc.a(lib_a-init.o)
                0x00000fb8                __libc_init_array
 .text.memset   0x00001000       0x94 c:/ti/ccsv8/tools/compiler/gcc-arm-none-eabi-7-2017-q4-major-win32/bin/../lib/gcc/arm-none-eabi/7.2.1/../../../../arm-none-eabi/lib/thumb/v7e-m/fpv4-sp/hard\libc.a(lib_a-memset.o)
                0x00001000                memset
 .text.startup.register_fini
                0x00001094       0x14 c:/ti/ccsv8/tools/compiler/gcc-arm-none-eabi-7-2017-q4-major-win32/bin/../lib/gcc/arm-none-eabi/7.2.1/../../../../arm-none-eabi/lib/thumb/v7e-m/fpv4-sp/hard\libc.a(lib_a-__call_atexit.o)
 .text.__call_exitprocs
                0x000010a8       0xe8 c:/ti/ccsv8/tools/compiler/gcc-arm-none-eabi-7-2017-q4-major-win32/bin/../lib/gcc/arm-none-eabi/7.2.1/../../../../arm-none-eabi/lib/thumb/v7e-m/fpv4-sp/hard\libc.a(lib_a-__call_atexit.o)
                0x000010a8                __call_exitprocs
 .text.atexit   0x00001190        0xc c:/ti/ccsv8/tools/compiler/gcc-arm-none-eabi-7-2017-q4-major-win32/bin/../lib/gcc/arm-none-eabi/7.2.1/../../../../arm-none-eabi/lib/thumb/v7e-m/fpv4-sp/hard\libc.a(lib_a-atexit.o)
                0x00001190                atexit
 .text.__libc_fini_array
                0x0000119c       0x34 c:/ti/ccsv8/tools/compiler/gcc-arm-none-eabi-7-2017-q4-major-win32/bin/../lib/gcc/arm-none-eabi/7.2.1/../../../../arm-none-eabi/lib/thumb/v7e-m/fpv4-sp/hard\libc.a(lib_a-fini.o)
                0x0000119c                __libc_fini_array
 .text.__retarget_lock_init
                0x000011d0        0x4 c:/ti/ccsv8/tools/compiler/gcc-arm-none-eabi-7-2017-q4-major-win32/bin/../lib/gcc/arm-none-eabi/7.2.1/../../../../arm-none-eabi/lib/thumb/v7e-m/fpv4-sp/hard\libc.a(lib_a-lock.o)
                0x000011d0                __retarget_lock_init
 .text.__retarget_lock_init_recursive
                0x000011d4        0x4 c:/ti/ccsv8/tools/compiler/gcc-arm-none-eabi-7-2017-q4-major-win32/bin/../lib/gcc/arm-none-eabi/7.2.1/../../../../arm-none-eabi/lib/thumb/v7e-m/fpv4-sp/hard\libc.a(lib_a-lock.o)
                0x000011d4                __retarget_lock_init_recursive
 .text.__retarget_lock_close
                0x000011d8        0x4 c:/ti/ccsv8/tools/compiler/gcc-arm-none-eabi-7-2017-q4-major-win32/bin/../lib/gcc/arm-none-eabi/7.2.1/../../../../arm-none-eabi/lib/thumb/v7e-m/fpv4-sp/hard\libc.a(lib_a-lock.o)
                0x000011d8                __retarget_lock_close
 .text.__retarget_lock_close_recursive
                0x000011dc        0x4 c:/ti/ccsv8/tools/compiler/gcc-arm-none-eabi-7-2017-q4-major-win32/bin/../lib/gcc/arm-none-eabi/7.2.1/../../../../arm-none-eabi/lib/thumb/v7e-m/fpv4-sp/hard\libc.a(lib_a-lock.o)
                0x000011dc                __retarget_lock_close_recursive
 .text.__retarget_lock_acquire
                0x000011e0        0x4 c:/ti/ccsv8/tools/compiler/gcc-arm-none-eabi-7-2017-q4-major-win32/bin/../lib/gcc/arm-none-eabi/7.2.1/../../../../arm-none-eabi/lib/thumb/v7e-m/fpv4-sp/hard\libc.a(lib_a-lock.o)
                0x000011e0                __retarget_lock_acquire
 .text.__retarget_lock_acquire_recursive
                0x000011e4        0x4 c:/ti/ccsv8/tools/compiler/gcc-arm-none-eabi-7-2017-q4-major-win32/bin/../lib/gcc/arm-none-eabi/7.2.1/../../../../arm-none-eabi/lib/thumb/v7e-m/fpv4-sp/hard\libc.a(lib_a-lock.o)
                0x000011e4                __retarget_lock_acquire_recursive
 .text.__retarget_lock_try_acquire
                0x000011e8        0x4 c:/ti/ccsv8/tools/compiler/gcc-arm-none-eabi-7-2017-q4-major-win32/bin/../lib/gcc/arm-none-eabi/7.2.1/../../../../arm-none-eabi/lib/thumb/v7e-m/fpv4-sp/hard\libc.a(lib_a-lock.o)
                0x000011e8                __retarget_lock_try_acquire
 .text.__retarget_lock_try_acquire_recursive
                0x000011ec        0x4 c:/ti/ccsv8/tools/compiler/gcc-arm-none-eabi-7-2017-q4-major-win32/bin/../lib/gcc/arm-none-eabi/7.2.1/../../../../arm-none-eabi/lib/thumb/v7e-m/fpv4-sp/hard\libc.a(lib_a-lock.o)
                0x000011ec                __retarget_lock_try_acquire_recursive
 .text.__retarget_lock_release
                0x000011f0        0x4 c:/ti/ccsv8/tools/compiler/gcc-arm-none-eabi-7-2017-q4-major-win32/bin/../lib/gcc/arm-none-eabi/7.2.1/../../../../arm-none-eabi/lib/thumb/v7e-m/fpv4-sp/hard\libc.a(lib_a-lock.o)
                0x000011f0                __retarget_lock_release
 .text.__retarget_lock_release_recursive
                0x000011f4        0x4 c:/ti/ccsv8/tools/compiler/gcc-arm-none-eabi-7-2017-q4-major-win32/bin/../lib/gcc/arm-none-eabi/7.2.1/../../../../arm-none-eabi/lib/thumb/v7e-m/fpv4-sp/hard\libc.a(lib_a-lock.o)
                0x000011f4                __retarget_lock_release_recursive
 .text.__register_exitproc
                0x000011f8       0xc0 c:/ti/ccsv8/tools/compiler/gcc-arm-none-eabi-7-2017-q4-major-win32/bin/../lib/gcc/arm-none-eabi/7.2.1/../../../../arm-none-eabi/lib/thumb/v7e-m/fpv4-sp/hard\libc.a(lib_a-__atexit.o)
                0x000011f8                __register_exitproc
 .text._exit    0x000012b8        0x4 c:/ti/ccsv8/tools/compiler/gcc-arm-none-eabi-7-2017-q4-major-win32/bin/../lib/gcc/arm-none-eabi/7.2.1/../../../../arm-none-eabi/lib/thumb/v7e-m/fpv4-sp/hard\libnosys.a(_exit.o)
                0x000012b8                _exit
                0x000012bc                . = ALIGN (0x4)
 *(.ctors)
                0x000012bc                . = ALIGN (0x4)
 *(.dtors)
                0x000012bc                . = ALIGN (0x4)
                0x000012bc                __init_array_start = .
 *(.init_array*)
 .init_array    0x000012bc        0x4 c:/ti/ccsv8/tools/compiler/gcc-arm-none-eabi-7-2017-q4-major-win32/bin/../lib/gcc/arm-none-eabi/7.2.1/thumb/v7e-m/fpv4-sp/hard/crtbegin.o
 .init_array.00000
                0x000012c0        0x4 c:/ti/ccsv8/tools/compiler/gcc-arm-none-eabi-7-2017-q4-major-win32/bin/../lib/gcc/arm-none-eabi/7.2.1/../../../../arm-none-eabi/lib/thumb/v7e-m/fpv4-sp/hard\libc.a(lib_a-__call_atexit.o)
                0x000012c4                __init_array_end = .
 *(.init)
 .init          0x000012c4        0x4 c:/ti/ccsv8/tools/compiler/gcc-arm-none-eabi-7-2017-q4-major-win32/bin/../lib/gcc/arm-none-eabi/7.2.1/thumb/v7e-m/fpv4-sp/hard/crti.o
                0x000012c4                _init
 .init          0x000012c8        0x8 c:/ti/ccsv8/tools/compiler/gcc-arm-none-eabi-7-2017-q4-major-win32/bin/../lib/gcc/arm-none-eabi/7.2.1/thumb/v7e-m/fpv4-sp/hard/crtn.o
 *(.fini*)
 .fini          0x000012d0        0x4 c:/ti/ccsv8/tools/compiler/gcc-arm-none-eabi-7-2017-q4-major-win32/bin/../lib/gcc/arm-none-eabi/7.2.1/thumb/v7e-m/fpv4-sp/hard/crti.o
                0x000012d0                _fini
 .fini_array    0x000012d4        0x4 c:/ti/ccsv8/tools/compiler/gcc-arm-none-eabi-7-2017-q4-major-win32/bin/../lib/gcc/arm-none-eabi/7.2.1/thumb/v7e-m/fpv4-sp/hard/crtbegin.o
 .fini          0x000012d8        0x8 c:/ti/ccsv8/tools/compiler/gcc-arm-none-eabi-7-2017-q4-major-win32/bin/../lib/gcc/arm-none-eabi/7.2.1/thumb/v7e-m/fpv4-sp/hard/crtn.o
                [!provide]                PROVIDE (__etext, .)
                [!provide]                PROVIDE (_etext, .)
                [!provide]                PROVIDE (etext, .)

.glue_7         0x000012e0        0x0
 .glue_7        0x000012e0        0x0 linker stubs

.glue_7t        0x000012e0        0x0
 .glue_7t       0x000012e0        0x0 linker stubs

.vfp11_veneer   0x000012e0        0x0
 .vfp11_veneer  0x000012e0        0x0 linker stubs

.v4_bx          0x000012e0        0x0
 .v4_bx         0x000012e0        0x0 linker stubs

.iplt           0x000012e0        0x0
 .iplt          0x000012e0        0x0 c:/ti/ccsv8/tools/compiler/gcc-arm-none-eabi-7-2017-q4-major-win32/bin/../lib/gcc/arm-none-eabi/7.2.1/thumb/v7e-m/fpv4-sp/hard/crtbegin.o

.rodata         0x000012e0       0x2c
 *(.rodata)
 .rodata        0x000012e0       0x28 ./PID_MA.o
 *(.rodata*)
 .rodata._global_impure_ptr
                0x00001308        0x4 c:/ti/ccsv8/tools/compiler/gcc-arm-none-eabi-7-2017-q4-major-win32/bin/../lib/gcc/arm-none-eabi/7.2.1/../../../../arm-none-eabi/lib/thumb/v7e-m/fpv4-sp/hard\libc.a(lib_a-impure.o)
                0x00001308                _global_impure_ptr

.eh_frame       0x0000130c        0x4
 .eh_frame      0x0000130c        0x0 c:/ti/ccsv8/tools/compiler/gcc-arm-none-eabi-7-2017-q4-major-win32/bin/../lib/gcc/arm-none-eabi/7.2.1/thumb/v7e-m/fpv4-sp/hard/crtbegin.o
 .eh_frame      0x0000130c        0x4 c:/ti/ccsv8/tools/compiler/gcc-arm-none-eabi-7-2017-q4-major-win32/bin/../lib/gcc/arm-none-eabi/7.2.1/thumb/v7e-m/fpv4-sp/hard/crtend.o

.data           0x20000000      0x434 load address 0x00001310
                0x00001310                __data_load__ = LOADADDR (.data)
                0x20000000                __data_start__ = .
 *(.data)
 .data          0x20000000        0x0 c:/ti/ccsv8/tools/compiler/gcc-arm-none-eabi-7-2017-q4-major-win32/bin/../lib/gcc/arm-none-eabi/7.2.1/thumb/v7e-m/fpv4-sp/hard/crti.o
 .data          0x20000000        0x4 c:/ti/ccsv8/tools/compiler/gcc-arm-none-eabi-7-2017-q4-major-win32/bin/../lib/gcc/arm-none-eabi/7.2.1/thumb/v7e-m/fpv4-sp/hard/crtbegin.o
                0x20000000                __dso_handle
 .data          0x20000004        0x0 c:/ti/ccsv8/tools/compiler/gcc-arm-none-eabi-7-2017-q4-major-win32/bin/../lib/gcc/arm-none-eabi/7.2.1/../../../../arm-none-eabi/lib/thumb/v7e-m/fpv4-sp/hard/crt0.o
 .data          0x20000004        0x0 ./FPGA_comp.o
 .data          0x20000004        0x0 ./Filter.o
 .data          0x20000004        0x0 ./PID_MA.o
 .data          0x20000004        0x0 ./SPI.o
 .data          0x20000004        0x0 ./circular_buffer.o
 .data          0x20000004        0x0 ./gpio.o
 .data          0x20000004        0x0 ./main.o
 .data          0x20000004        0x0 ./rtcs.o
 .data          0x20000004        0x0 ./systick.o
 .data          0x20000004        0x0 ./test.o
 .data          0x20000004        0x0 ./uart.o
 .data          0x20000004        0x0 c:/ti/ccsv8/tools/compiler/gcc-arm-none-eabi-7-2017-q4-major-win32/bin/../lib/gcc/arm-none-eabi/7.2.1/../../../../arm-none-eabi/lib/thumb/v7e-m/fpv4-sp/hard\libc.a(lib_a-exit.o)
 .data          0x20000004        0x0 c:/ti/ccsv8/tools/compiler/gcc-arm-none-eabi-7-2017-q4-major-win32/bin/../lib/gcc/arm-none-eabi/7.2.1/../../../../arm-none-eabi/lib/thumb/v7e-m/fpv4-sp/hard\libc.a(lib_a-impure.o)
 .data          0x20000004        0x0 c:/ti/ccsv8/tools/compiler/gcc-arm-none-eabi-7-2017-q4-major-win32/bin/../lib/gcc/arm-none-eabi/7.2.1/../../../../arm-none-eabi/lib/thumb/v7e-m/fpv4-sp/hard\libc.a(lib_a-init.o)
 .data          0x20000004        0x0 c:/ti/ccsv8/tools/compiler/gcc-arm-none-eabi-7-2017-q4-major-win32/bin/../lib/gcc/arm-none-eabi/7.2.1/../../../../arm-none-eabi/lib/thumb/v7e-m/fpv4-sp/hard\libc.a(lib_a-memset.o)
 .data          0x20000004        0x0 c:/ti/ccsv8/tools/compiler/gcc-arm-none-eabi-7-2017-q4-major-win32/bin/../lib/gcc/arm-none-eabi/7.2.1/../../../../arm-none-eabi/lib/thumb/v7e-m/fpv4-sp/hard\libc.a(lib_a-__call_atexit.o)
 .data          0x20000004        0x0 c:/ti/ccsv8/tools/compiler/gcc-arm-none-eabi-7-2017-q4-major-win32/bin/../lib/gcc/arm-none-eabi/7.2.1/../../../../arm-none-eabi/lib/thumb/v7e-m/fpv4-sp/hard\libc.a(lib_a-atexit.o)
 .data          0x20000004        0x0 c:/ti/ccsv8/tools/compiler/gcc-arm-none-eabi-7-2017-q4-major-win32/bin/../lib/gcc/arm-none-eabi/7.2.1/../../../../arm-none-eabi/lib/thumb/v7e-m/fpv4-sp/hard\libc.a(lib_a-fini.o)
 .data          0x20000004        0x0 c:/ti/ccsv8/tools/compiler/gcc-arm-none-eabi-7-2017-q4-major-win32/bin/../lib/gcc/arm-none-eabi/7.2.1/../../../../arm-none-eabi/lib/thumb/v7e-m/fpv4-sp/hard\libc.a(lib_a-lock.o)
 .data          0x20000004        0x0 c:/ti/ccsv8/tools/compiler/gcc-arm-none-eabi-7-2017-q4-major-win32/bin/../lib/gcc/arm-none-eabi/7.2.1/../../../../arm-none-eabi/lib/thumb/v7e-m/fpv4-sp/hard\libc.a(lib_a-__atexit.o)
 .data          0x20000004        0x0 c:/ti/ccsv8/tools/compiler/gcc-arm-none-eabi-7-2017-q4-major-win32/bin/../lib/gcc/arm-none-eabi/7.2.1/thumb/v7e-m/fpv4-sp/hard\libgcc.a(_arm_addsubdf3.o)
 .data          0x20000004        0x0 c:/ti/ccsv8/tools/compiler/gcc-arm-none-eabi-7-2017-q4-major-win32/bin/../lib/gcc/arm-none-eabi/7.2.1/../../../../arm-none-eabi/lib/thumb/v7e-m/fpv4-sp/hard\libnosys.a(_exit.o)
 .data          0x20000004        0x0 c:/ti/ccsv8/tools/compiler/gcc-arm-none-eabi-7-2017-q4-major-win32/bin/../lib/gcc/arm-none-eabi/7.2.1/thumb/v7e-m/fpv4-sp/hard/crtend.o
 .data          0x20000004        0x0 c:/ti/ccsv8/tools/compiler/gcc-arm-none-eabi-7-2017-q4-major-win32/bin/../lib/gcc/arm-none-eabi/7.2.1/thumb/v7e-m/fpv4-sp/hard/crtn.o
 *(.data*)
 .data._impure_ptr
                0x20000004        0x4 c:/ti/ccsv8/tools/compiler/gcc-arm-none-eabi-7-2017-q4-major-win32/bin/../lib/gcc/arm-none-eabi/7.2.1/../../../../arm-none-eabi/lib/thumb/v7e-m/fpv4-sp/hard\libc.a(lib_a-impure.o)
                0x20000004                _impure_ptr
 .data.impure_data
                0x20000008      0x428 c:/ti/ccsv8/tools/compiler/gcc-arm-none-eabi-7-2017-q4-major-win32/bin/../lib/gcc/arm-none-eabi/7.2.1/../../../../arm-none-eabi/lib/thumb/v7e-m/fpv4-sp/hard\libc.a(lib_a-impure.o)
 .data.__atexit_recursive_mutex
                0x20000430        0x4 c:/ti/ccsv8/tools/compiler/gcc-arm-none-eabi-7-2017-q4-major-win32/bin/../lib/gcc/arm-none-eabi/7.2.1/../../../../arm-none-eabi/lib/thumb/v7e-m/fpv4-sp/hard\libc.a(lib_a-__call_atexit.o)
                0x20000430                __atexit_recursive_mutex
                0x20000434                . = ALIGN (0x4)
                0x20000434                __data_end__ = .

.igot.plt       0x20000434        0x0 load address 0x00001744
 .igot.plt      0x20000434        0x0 c:/ti/ccsv8/tools/compiler/gcc-arm-none-eabi-7-2017-q4-major-win32/bin/../lib/gcc/arm-none-eabi/7.2.1/thumb/v7e-m/fpv4-sp/hard/crtbegin.o

.ARM.exidx      0x00001744        0x8
                0x00001744                __exidx_start = .
 *(.ARM.exidx* .gnu.linkonce.armexidx.*)
 .ARM.exidx     0x00001744        0x8 c:/ti/ccsv8/tools/compiler/gcc-arm-none-eabi-7-2017-q4-major-win32/bin/../lib/gcc/arm-none-eabi/7.2.1/../../../../arm-none-eabi/lib/thumb/v7e-m/fpv4-sp/hard/crt0.o
                0x0000174c                __exidx_end = .

.ARM.extab      0x0000174c        0x0
 *(.ARM.extab* .gnu.linkonce.armextab.*)
 .ARM.extab     0x0000174c        0x0 c:/ti/ccsv8/tools/compiler/gcc-arm-none-eabi-7-2017-q4-major-win32/bin/../lib/gcc/arm-none-eabi/7.2.1/../../../../arm-none-eabi/lib/thumb/v7e-m/fpv4-sp/hard/crt0.o

.rel.dyn        0x0000174c        0x0
 .rel.iplt      0x0000174c        0x0 c:/ti/ccsv8/tools/compiler/gcc-arm-none-eabi-7-2017-q4-major-win32/bin/../lib/gcc/arm-none-eabi/7.2.1/thumb/v7e-m/fpv4-sp/hard/crtbegin.o

.bss            0x20000434     0x2ae4
                0x20000434                __bss_start__ = .
 *(.shbss)
 *(.bss)
 .bss           0x20000434        0x0 c:/ti/ccsv8/tools/compiler/gcc-arm-none-eabi-7-2017-q4-major-win32/bin/../lib/gcc/arm-none-eabi/7.2.1/thumb/v7e-m/fpv4-sp/hard/crti.o
 .bss           0x20000434       0x1c c:/ti/ccsv8/tools/compiler/gcc-arm-none-eabi-7-2017-q4-major-win32/bin/../lib/gcc/arm-none-eabi/7.2.1/thumb/v7e-m/fpv4-sp/hard/crtbegin.o
 .bss           0x20000450        0x0 c:/ti/ccsv8/tools/compiler/gcc-arm-none-eabi-7-2017-q4-major-win32/bin/../lib/gcc/arm-none-eabi/7.2.1/../../../../arm-none-eabi/lib/thumb/v7e-m/fpv4-sp/hard/crt0.o
 .bss           0x20000450        0x0 ./FPGA_comp.o
 .bss           0x20000450        0x0 ./Filter.o
 .bss           0x20000450        0x0 ./PID_MA.o
 .bss           0x20000450        0x0 ./SPI.o
 .bss           0x20000450        0x0 ./circular_buffer.o
 .bss           0x20000450        0x0 ./gpio.o
 .bss           0x20000450        0x0 ./main.o
 .bss           0x20000450        0x0 ./rtcs.o
 .bss           0x20000450        0x0 ./systick.o
 .bss           0x20000450        0x0 ./test.o
 .bss           0x20000450        0x0 ./uart.o
 .bss           0x20000450        0x0 c:/ti/ccsv8/tools/compiler/gcc-arm-none-eabi-7-2017-q4-major-win32/bin/../lib/gcc/arm-none-eabi/7.2.1/../../../../arm-none-eabi/lib/thumb/v7e-m/fpv4-sp/hard\libc.a(lib_a-exit.o)
 .bss           0x20000450        0x0 c:/ti/ccsv8/tools/compiler/gcc-arm-none-eabi-7-2017-q4-major-win32/bin/../lib/gcc/arm-none-eabi/7.2.1/../../../../arm-none-eabi/lib/thumb/v7e-m/fpv4-sp/hard\libc.a(lib_a-impure.o)
 .bss           0x20000450        0x0 c:/ti/ccsv8/tools/compiler/gcc-arm-none-eabi-7-2017-q4-major-win32/bin/../lib/gcc/arm-none-eabi/7.2.1/../../../../arm-none-eabi/lib/thumb/v7e-m/fpv4-sp/hard\libc.a(lib_a-init.o)
 .bss           0x20000450        0x0 c:/ti/ccsv8/tools/compiler/gcc-arm-none-eabi-7-2017-q4-major-win32/bin/../lib/gcc/arm-none-eabi/7.2.1/../../../../arm-none-eabi/lib/thumb/v7e-m/fpv4-sp/hard\libc.a(lib_a-memset.o)
 .bss           0x20000450        0x0 c:/ti/ccsv8/tools/compiler/gcc-arm-none-eabi-7-2017-q4-major-win32/bin/../lib/gcc/arm-none-eabi/7.2.1/../../../../arm-none-eabi/lib/thumb/v7e-m/fpv4-sp/hard\libc.a(lib_a-__call_atexit.o)
 .bss           0x20000450        0x0 c:/ti/ccsv8/tools/compiler/gcc-arm-none-eabi-7-2017-q4-major-win32/bin/../lib/gcc/arm-none-eabi/7.2.1/../../../../arm-none-eabi/lib/thumb/v7e-m/fpv4-sp/hard\libc.a(lib_a-atexit.o)
 .bss           0x20000450        0x0 c:/ti/ccsv8/tools/compiler/gcc-arm-none-eabi-7-2017-q4-major-win32/bin/../lib/gcc/arm-none-eabi/7.2.1/../../../../arm-none-eabi/lib/thumb/v7e-m/fpv4-sp/hard\libc.a(lib_a-fini.o)
 .bss           0x20000450        0x0 c:/ti/ccsv8/tools/compiler/gcc-arm-none-eabi-7-2017-q4-major-win32/bin/../lib/gcc/arm-none-eabi/7.2.1/../../../../arm-none-eabi/lib/thumb/v7e-m/fpv4-sp/hard\libc.a(lib_a-lock.o)
 .bss           0x20000450        0x0 c:/ti/ccsv8/tools/compiler/gcc-arm-none-eabi-7-2017-q4-major-win32/bin/../lib/gcc/arm-none-eabi/7.2.1/../../../../arm-none-eabi/lib/thumb/v7e-m/fpv4-sp/hard\libc.a(lib_a-__atexit.o)
 .bss           0x20000450        0x0 c:/ti/ccsv8/tools/compiler/gcc-arm-none-eabi-7-2017-q4-major-win32/bin/../lib/gcc/arm-none-eabi/7.2.1/thumb/v7e-m/fpv4-sp/hard\libgcc.a(_arm_addsubdf3.o)
 .bss           0x20000450        0x0 c:/ti/ccsv8/tools/compiler/gcc-arm-none-eabi-7-2017-q4-major-win32/bin/../lib/gcc/arm-none-eabi/7.2.1/../../../../arm-none-eabi/lib/thumb/v7e-m/fpv4-sp/hard\libnosys.a(_exit.o)
 .bss           0x20000450        0x0 c:/ti/ccsv8/tools/compiler/gcc-arm-none-eabi-7-2017-q4-major-win32/bin/../lib/gcc/arm-none-eabi/7.2.1/thumb/v7e-m/fpv4-sp/hard/crtend.o
 .bss           0x20000450        0x0 c:/ti/ccsv8/tools/compiler/gcc-arm-none-eabi-7-2017-q4-major-win32/bin/../lib/gcc/arm-none-eabi/7.2.1/thumb/v7e-m/fpv4-sp/hard/crtn.o
 *(.bss.*)
 .bss.next_id.5501
                0x20000450        0x1 ./rtcs.o
 *fill*         0x20000451        0x1 
 .bss.ticks     0x20000452        0x2 ./systick.o
                0x20000452                ticks
 *(COMMON)
 COMMON         0x20000454       0x90 ./Filter.o
                0x20000454                filter_pool
 COMMON         0x200004e4       0x2c ./PID_MA.o
                0x200004e4                PID_pool
 COMMON         0x20000510      0x820 ./circular_buffer.o
                0x20000510                buffer_pool
 COMMON         0x20000d30     0x21c4 ./rtcs.o
                0x20000d30                pos
                0x20000df0                current_task
                0x20000df4                pot
                0x20000eb4                poq
 COMMON         0x20002ef4       0x21 c:/ti/ccsv8/tools/compiler/gcc-arm-none-eabi-7-2017-q4-major-win32/bin/../lib/gcc/arm-none-eabi/7.2.1/../../../../arm-none-eabi/lib/thumb/v7e-m/fpv4-sp/hard\libc.a(lib_a-lock.o)
                0x20002ef4                __lock___atexit_recursive_mutex
                0x20002ef8                __lock___arc4random_mutex
                0x20002efc                __lock___env_recursive_mutex
                0x20002f00                __lock___sinit_recursive_mutex
                0x20002f04                __lock___malloc_recursive_mutex
                0x20002f08                __lock___at_quick_exit_mutex
                0x20002f0c                __lock___dd_hash_mutex
                0x20002f10                __lock___tz_mutex
                0x20002f14                __lock___sfp_recursive_mutex
                0x20002f18                . = ALIGN (0x4)
 *fill*         0x20002f15        0x3 
                0x20002f18                __bss_end__ = .

.heap           0x20002f18        0x0
                0x20002f18                __heap_start__ = .
                0x20002f18                end = __heap_start__
                0x20002f18                _end = end
                0x20002f18                __end = end
 *(.heap)
                0x20002f18                __heap_end__ = .
                0x20002f18                __HeapLimit = __heap_end__

.stack          0x20002f18        0x0
                0x20002f18                _stack = .
                0x20002f18                __stack = .
 *(.stack)
START GROUP
LOAD c:/ti/ccsv8/tools/compiler/gcc-arm-none-eabi-7-2017-q4-major-win32/bin/../lib/gcc/arm-none-eabi/7.2.1/../../../../arm-none-eabi/lib/thumb/v7e-m/fpv4-sp/hard\libc.a
END GROUP
START GROUP
LOAD c:/ti/ccsv8/tools/compiler/gcc-arm-none-eabi-7-2017-q4-major-win32/bin/../lib/gcc/arm-none-eabi/7.2.1/thumb/v7e-m/fpv4-sp/hard\libgcc.a
LOAD c:/ti/ccsv8/tools/compiler/gcc-arm-none-eabi-7-2017-q4-major-win32/bin/../lib/gcc/arm-none-eabi/7.2.1/../../../../arm-none-eabi/lib/thumb/v7e-m/fpv4-sp/hard\libg.a
LOAD c:/ti/ccsv8/tools/compiler/gcc-arm-none-eabi-7-2017-q4-major-win32/bin/../lib/gcc/arm-none-eabi/7.2.1/../../../../arm-none-eabi/lib/thumb/v7e-m/fpv4-sp/hard\libc.a
END GROUP
START GROUP
LOAD c:/ti/ccsv8/tools/compiler/gcc-arm-none-eabi-7-2017-q4-major-win32/bin/../lib/gcc/arm-none-eabi/7.2.1/thumb/v7e-m/fpv4-sp/hard\libgcc.a
LOAD c:/ti/ccsv8/tools/compiler/gcc-arm-none-eabi-7-2017-q4-major-win32/bin/../lib/gcc/arm-none-eabi/7.2.1/../../../../arm-none-eabi/lib/thumb/v7e-m/fpv4-sp/hard\libc.a
LOAD c:/ti/ccsv8/tools/compiler/gcc-arm-none-eabi-7-2017-q4-major-win32/bin/../lib/gcc/arm-none-eabi/7.2.1/../../../../arm-none-eabi/lib/thumb/v7e-m/fpv4-sp/hard\libnosys.a
END GROUP
LOAD c:/ti/ccsv8/tools/compiler/gcc-arm-none-eabi-7-2017-q4-major-win32/bin/../lib/gcc/arm-none-eabi/7.2.1/thumb/v7e-m/fpv4-sp/hard/crtend.o
LOAD c:/ti/ccsv8/tools/compiler/gcc-arm-none-eabi-7-2017-q4-major-win32/bin/../lib/gcc/arm-none-eabi/7.2.1/thumb/v7e-m/fpv4-sp/hard/crtn.o
OUTPUT(PositionController_MA.out elf32-littlearm)

.ARM.attributes
                0x00000000       0x30
 .ARM.attributes
                0x00000000       0x22 c:/ti/ccsv8/tools/compiler/gcc-arm-none-eabi-7-2017-q4-major-win32/bin/../lib/gcc/arm-none-eabi/7.2.1/thumb/v7e-m/fpv4-sp/hard/crti.o
 .ARM.attributes
                0x00000022       0x34 c:/ti/ccsv8/tools/compiler/gcc-arm-none-eabi-7-2017-q4-major-win32/bin/../lib/gcc/arm-none-eabi/7.2.1/thumb/v7e-m/fpv4-sp/hard/crtbegin.o
 .ARM.attributes
                0x00000056       0x20 c:/ti/ccsv8/tools/compiler/gcc-arm-none-eabi-7-2017-q4-major-win32/bin/../lib/gcc/arm-none-eabi/7.2.1/../../../../arm-none-eabi/lib/thumb/v7e-m/fpv4-sp/hard/crt0.o
 .ARM.attributes
                0x00000076       0x39 ./FPGA_comp.o
 .ARM.attributes
                0x000000af       0x39 ./Filter.o
 .ARM.attributes
                0x000000e8       0x39 ./PID_MA.o
 .ARM.attributes
                0x00000121       0x39 ./SPI.o
 .ARM.attributes
                0x0000015a       0x39 ./circular_buffer.o
 .ARM.attributes
                0x00000193       0x39 ./gpio.o
 .ARM.attributes
                0x000001cc       0x39 ./main.o
 .ARM.attributes
                0x00000205       0x39 ./rtcs.o
 .ARM.attributes
                0x0000023e       0x39 ./systick.o
 .ARM.attributes
                0x00000277       0x39 ./test.o
 .ARM.attributes
                0x000002b0       0x39 ./uart.o
 .ARM.attributes
                0x000002e9       0x34 c:/ti/ccsv8/tools/compiler/gcc-arm-none-eabi-7-2017-q4-major-win32/bin/../lib/gcc/arm-none-eabi/7.2.1/../../../../arm-none-eabi/lib/thumb/v7e-m/fpv4-sp/hard\libc.a(lib_a-exit.o)
 .ARM.attributes
                0x0000031d       0x34 c:/ti/ccsv8/tools/compiler/gcc-arm-none-eabi-7-2017-q4-major-win32/bin/../lib/gcc/arm-none-eabi/7.2.1/../../../../arm-none-eabi/lib/thumb/v7e-m/fpv4-sp/hard\libc.a(lib_a-impure.o)
 .ARM.attributes
                0x00000351       0x34 c:/ti/ccsv8/tools/compiler/gcc-arm-none-eabi-7-2017-q4-major-win32/bin/../lib/gcc/arm-none-eabi/7.2.1/../../../../arm-none-eabi/lib/thumb/v7e-m/fpv4-sp/hard\libc.a(lib_a-init.o)
 .ARM.attributes
                0x00000385       0x34 c:/ti/ccsv8/tools/compiler/gcc-arm-none-eabi-7-2017-q4-major-win32/bin/../lib/gcc/arm-none-eabi/7.2.1/../../../../arm-none-eabi/lib/thumb/v7e-m/fpv4-sp/hard\libc.a(lib_a-memset.o)
 .ARM.attributes
                0x000003b9       0x34 c:/ti/ccsv8/tools/compiler/gcc-arm-none-eabi-7-2017-q4-major-win32/bin/../lib/gcc/arm-none-eabi/7.2.1/../../../../arm-none-eabi/lib/thumb/v7e-m/fpv4-sp/hard\libc.a(lib_a-__call_atexit.o)
 .ARM.attributes
                0x000003ed       0x34 c:/ti/ccsv8/tools/compiler/gcc-arm-none-eabi-7-2017-q4-major-win32/bin/../lib/gcc/arm-none-eabi/7.2.1/../../../../arm-none-eabi/lib/thumb/v7e-m/fpv4-sp/hard\libc.a(lib_a-atexit.o)
 .ARM.attributes
                0x00000421       0x34 c:/ti/ccsv8/tools/compiler/gcc-arm-none-eabi-7-2017-q4-major-win32/bin/../lib/gcc/arm-none-eabi/7.2.1/../../../../arm-none-eabi/lib/thumb/v7e-m/fpv4-sp/hard\libc.a(lib_a-fini.o)
 .ARM.attributes
                0x00000455       0x34 c:/ti/ccsv8/tools/compiler/gcc-arm-none-eabi-7-2017-q4-major-win32/bin/../lib/gcc/arm-none-eabi/7.2.1/../../../../arm-none-eabi/lib/thumb/v7e-m/fpv4-sp/hard\libc.a(lib_a-lock.o)
 .ARM.attributes
                0x00000489       0x34 c:/ti/ccsv8/tools/compiler/gcc-arm-none-eabi-7-2017-q4-major-win32/bin/../lib/gcc/arm-none-eabi/7.2.1/../../../../arm-none-eabi/lib/thumb/v7e-m/fpv4-sp/hard\libc.a(lib_a-__atexit.o)
 .ARM.attributes
                0x000004bd       0x22 c:/ti/ccsv8/tools/compiler/gcc-arm-none-eabi-7-2017-q4-major-win32/bin/../lib/gcc/arm-none-eabi/7.2.1/thumb/v7e-m/fpv4-sp/hard\libgcc.a(_arm_addsubdf3.o)
 .ARM.attributes
                0x000004df       0x34 c:/ti/ccsv8/tools/compiler/gcc-arm-none-eabi-7-2017-q4-major-win32/bin/../lib/gcc/arm-none-eabi/7.2.1/../../../../arm-none-eabi/lib/thumb/v7e-m/fpv4-sp/hard\libnosys.a(_exit.o)
 .ARM.attributes
                0x00000513       0x34 c:/ti/ccsv8/tools/compiler/gcc-arm-none-eabi-7-2017-q4-major-win32/bin/../lib/gcc/arm-none-eabi/7.2.1/thumb/v7e-m/fpv4-sp/hard/crtend.o
 .ARM.attributes
                0x00000547       0x22 c:/ti/ccsv8/tools/compiler/gcc-arm-none-eabi-7-2017-q4-major-win32/bin/../lib/gcc/arm-none-eabi/7.2.1/thumb/v7e-m/fpv4-sp/hard/crtn.o

.comment        0x00000000       0x7e
 .comment       0x00000000       0x7e ./FPGA_comp.o
                                 0x7f (size before relaxing)
 .comment       0x0000007e       0x7f ./Filter.o
 .comment       0x0000007e       0x7f ./PID_MA.o
 .comment       0x0000007e       0x7f ./SPI.o
 .comment       0x0000007e       0x7f ./circular_buffer.o
 .comment       0x0000007e       0x7f ./gpio.o
 .comment       0x0000007e       0x7f ./main.o
 .comment       0x0000007e       0x7f ./rtcs.o
 .comment       0x0000007e       0x7f ./systick.o
 .comment       0x0000007e       0x7f ./test.o
 .comment       0x0000007e       0x7f ./uart.o

.debug_info     0x00000000     0x1455
 .debug_info    0x00000000       0xc3 ./FPGA_comp.o
 .debug_info    0x000000c3      0x1c9 ./Filter.o
 .debug_info    0x0000028c      0x2ed ./PID_MA.o
 .debug_info    0x00000579      0x1d5 ./SPI.o
 .debug_info    0x0000074e      0x1bd ./circular_buffer.o
 .debug_info    0x0000090b       0xaf ./gpio.o
 .debug_info    0x000009ba       0xae ./main.o
 .debug_info    0x00000a68      0x56d ./rtcs.o
 .debug_info    0x00000fd5       0xfb ./systick.o
 .debug_info    0x000010d0      0x15b ./test.o
 .debug_info    0x0000122b      0x22a ./uart.o

.debug_abbrev   0x00000000      0x913
 .debug_abbrev  0x00000000       0x6e ./FPGA_comp.o
 .debug_abbrev  0x0000006e      0x10a ./Filter.o
 .debug_abbrev  0x00000178      0x150 ./PID_MA.o
 .debug_abbrev  0x000002c8       0xdb ./SPI.o
 .debug_abbrev  0x000003a3      0x11e ./circular_buffer.o
 .debug_abbrev  0x000004c1       0x59 ./gpio.o
 .debug_abbrev  0x0000051a       0x66 ./main.o
 .debug_abbrev  0x00000580      0x1ac ./rtcs.o
 .debug_abbrev  0x0000072c       0x77 ./systick.o
 .debug_abbrev  0x000007a3       0xa7 ./test.o
 .debug_abbrev  0x0000084a       0xc9 ./uart.o

.debug_loc      0x00000000      0x9a3
 .debug_loc     0x00000000       0x28 ./FPGA_comp.o
 .debug_loc     0x00000028      0x10e ./Filter.o
 .debug_loc     0x00000136      0x2d7 ./PID_MA.o
 .debug_loc     0x0000040d      0x15e ./SPI.o
 .debug_loc     0x0000056b       0x6e ./circular_buffer.o
 .debug_loc     0x000005d9      0x2a4 ./rtcs.o
 .debug_loc     0x0000087d       0x4c ./test.o
 .debug_loc     0x000008c9       0xda ./uart.o

.debug_aranges  0x00000000      0x268
 .debug_aranges
                0x00000000       0x20 ./FPGA_comp.o
 .debug_aranges
                0x00000020       0x28 ./Filter.o
 .debug_aranges
                0x00000048       0x30 ./PID_MA.o
 .debug_aranges
                0x00000078       0x40 ./SPI.o
 .debug_aranges
                0x000000b8       0x30 ./circular_buffer.o
 .debug_aranges
                0x000000e8       0x20 ./gpio.o
 .debug_aranges
                0x00000108       0x20 ./main.o
 .debug_aranges
                0x00000128       0x80 ./rtcs.o
 .debug_aranges
                0x000001a8       0x38 ./systick.o
 .debug_aranges
                0x000001e0       0x20 ./test.o
 .debug_aranges
                0x00000200       0x68 ./uart.o

.debug_ranges   0x00000000      0x1d0
 .debug_ranges  0x00000000       0x10 ./FPGA_comp.o
 .debug_ranges  0x00000010       0x30 ./Filter.o
 .debug_ranges  0x00000040       0x20 ./PID_MA.o
 .debug_ranges  0x00000060       0x30 ./SPI.o
 .debug_ranges  0x00000090       0x20 ./circular_buffer.o
 .debug_ranges  0x000000b0       0x10 ./gpio.o
 .debug_ranges  0x000000c0       0x10 ./main.o
 .debug_ranges  0x000000d0       0x70 ./rtcs.o
 .debug_ranges  0x00000140       0x28 ./systick.o
 .debug_ranges  0x00000168       0x10 ./test.o
 .debug_ranges  0x00000178       0x58 ./uart.o

.debug_line     0x00000000     0x1489
 .debug_line    0x00000000      0x184 ./FPGA_comp.o
 .debug_line    0x00000184      0x1ae ./Filter.o
 .debug_line    0x00000332      0x1e0 ./PID_MA.o
 .debug_line    0x00000512      0x283 ./SPI.o
 .debug_line    0x00000795      0x1bc ./circular_buffer.o
 .debug_line    0x00000951      0x188 ./gpio.o
 .debug_line    0x00000ad9       0xcd ./main.o
 .debug_line    0x00000ba6      0x33e ./rtcs.o
 .debug_line    0x00000ee4      0x1cc ./systick.o
 .debug_line    0x000010b0      0x122 ./test.o
 .debug_line    0x000011d2      0x2b7 ./uart.o

.debug_str      0x00000000      0xb28
 .debug_str     0x00000000      0x249 ./FPGA_comp.o
                                0x285 (size before relaxing)
 .debug_str     0x00000249       0xe8 ./Filter.o
                                0x2ce (size before relaxing)
 .debug_str     0x00000331      0x18e ./PID_MA.o
                                0x3a9 (size before relaxing)
 .debug_str     0x000004bf       0xfa ./SPI.o
                                0x2ee (size before relaxing)
 .debug_str     0x000005b9       0xfa ./circular_buffer.o
                                0x2f8 (size before relaxing)
 .debug_str     0x000006b3       0x80 ./gpio.o
                                0x274 (size before relaxing)
 .debug_str     0x00000733       0x15 ./main.o
                                0x1fc (size before relaxing)
 .debug_str     0x00000748      0x180 ./rtcs.o
                                0x3b5 (size before relaxing)
 .debug_str     0x000008c8       0xb5 ./systick.o
                                0x2b6 (size before relaxing)
 .debug_str     0x0000097d       0xa3 ./test.o
                                0x2b3 (size before relaxing)
 .debug_str     0x00000a20      0x108 ./uart.o
                                0x349 (size before relaxing)

.debug_frame    0x00000000      0x770
 .debug_frame   0x00000000       0x20 ./FPGA_comp.o
 .debug_frame   0x00000020       0x58 ./Filter.o
 .debug_frame   0x00000078       0x64 ./PID_MA.o
 .debug_frame   0x000000dc       0x78 ./SPI.o
 .debug_frame   0x00000154       0x58 ./circular_buffer.o
 .debug_frame   0x000001ac       0x20 ./gpio.o
 .debug_frame   0x000001cc       0x28 ./main.o
 .debug_frame   0x000001f4      0x150 ./rtcs.o
 .debug_frame   0x00000344       0x50 ./systick.o
 .debug_frame   0x00000394       0x34 ./test.o
 .debug_frame   0x000003c8       0xbc ./uart.o
 .debug_frame   0x00000484       0x28 c:/ti/ccsv8/tools/compiler/gcc-arm-none-eabi-7-2017-q4-major-win32/bin/../lib/gcc/arm-none-eabi/7.2.1/../../../../arm-none-eabi/lib/thumb/v7e-m/fpv4-sp/hard\libc.a(lib_a-exit.o)
 .debug_frame   0x000004ac       0x2c c:/ti/ccsv8/tools/compiler/gcc-arm-none-eabi-7-2017-q4-major-win32/bin/../lib/gcc/arm-none-eabi/7.2.1/../../../../arm-none-eabi/lib/thumb/v7e-m/fpv4-sp/hard\libc.a(lib_a-init.o)
 .debug_frame   0x000004d8       0x38 c:/ti/ccsv8/tools/compiler/gcc-arm-none-eabi-7-2017-q4-major-win32/bin/../lib/gcc/arm-none-eabi/7.2.1/../../../../arm-none-eabi/lib/thumb/v7e-m/fpv4-sp/hard\libc.a(lib_a-memset.o)
 .debug_frame   0x00000510       0x5c c:/ti/ccsv8/tools/compiler/gcc-arm-none-eabi-7-2017-q4-major-win32/bin/../lib/gcc/arm-none-eabi/7.2.1/../../../../arm-none-eabi/lib/thumb/v7e-m/fpv4-sp/hard\libc.a(lib_a-__call_atexit.o)
 .debug_frame   0x0000056c       0x20 c:/ti/ccsv8/tools/compiler/gcc-arm-none-eabi-7-2017-q4-major-win32/bin/../lib/gcc/arm-none-eabi/7.2.1/../../../../arm-none-eabi/lib/thumb/v7e-m/fpv4-sp/hard\libc.a(lib_a-atexit.o)
 .debug_frame   0x0000058c       0x34 c:/ti/ccsv8/tools/compiler/gcc-arm-none-eabi-7-2017-q4-major-win32/bin/../lib/gcc/arm-none-eabi/7.2.1/../../../../arm-none-eabi/lib/thumb/v7e-m/fpv4-sp/hard\libc.a(lib_a-fini.o)
 .debug_frame   0x000005c0       0xb0 c:/ti/ccsv8/tools/compiler/gcc-arm-none-eabi-7-2017-q4-major-win32/bin/../lib/gcc/arm-none-eabi/7.2.1/../../../../arm-none-eabi/lib/thumb/v7e-m/fpv4-sp/hard\libc.a(lib_a-lock.o)
 .debug_frame   0x00000670       0x34 c:/ti/ccsv8/tools/compiler/gcc-arm-none-eabi-7-2017-q4-major-win32/bin/../lib/gcc/arm-none-eabi/7.2.1/../../../../arm-none-eabi/lib/thumb/v7e-m/fpv4-sp/hard\libc.a(lib_a-__atexit.o)
 .debug_frame   0x000006a4       0xac c:/ti/ccsv8/tools/compiler/gcc-arm-none-eabi-7-2017-q4-major-win32/bin/../lib/gcc/arm-none-eabi/7.2.1/thumb/v7e-m/fpv4-sp/hard\libgcc.a(_arm_addsubdf3.o)
 .debug_frame   0x00000750       0x20 c:/ti/ccsv8/tools/compiler/gcc-arm-none-eabi-7-2017-q4-major-win32/bin/../lib/gcc/arm-none-eabi/7.2.1/../../../../arm-none-eabi/lib/thumb/v7e-m/fpv4-sp/hard\libnosys.a(_exit.o)
