Archive member included to satisfy reference by file (symbol)

c:/ti/ccsv8/tools/compiler/gcc-arm-none-eabi-7-2017-q4-major-win32/bin/../lib/gcc/arm-none-eabi/7.2.1/../../../../arm-none-eabi/lib/thumb/v7e-m/fpv4-sp/hard\libg.a(lib_a-exit.o)
                              c:/ti/ccsv8/tools/compiler/gcc-arm-none-eabi-7-2017-q4-major-win32/bin/../lib/gcc/arm-none-eabi/7.2.1/../../../../arm-none-eabi/lib/thumb/v7e-m/fpv4-sp/hard/crt0.o (exit)
c:/ti/ccsv8/tools/compiler/gcc-arm-none-eabi-7-2017-q4-major-win32/bin/../lib/gcc/arm-none-eabi/7.2.1/../../../../arm-none-eabi/lib/thumb/v7e-m/fpv4-sp/hard\libg.a(lib_a-impure.o)
                              c:/ti/ccsv8/tools/compiler/gcc-arm-none-eabi-7-2017-q4-major-win32/bin/../lib/gcc/arm-none-eabi/7.2.1/../../../../arm-none-eabi/lib/thumb/v7e-m/fpv4-sp/hard\libg.a(lib_a-exit.o) (_global_impure_ptr)
c:/ti/ccsv8/tools/compiler/gcc-arm-none-eabi-7-2017-q4-major-win32/bin/../lib/gcc/arm-none-eabi/7.2.1/../../../../arm-none-eabi/lib/thumb/v7e-m/fpv4-sp/hard\libg.a(lib_a-init.o)
                              c:/ti/ccsv8/tools/compiler/gcc-arm-none-eabi-7-2017-q4-major-win32/bin/../lib/gcc/arm-none-eabi/7.2.1/../../../../arm-none-eabi/lib/thumb/v7e-m/fpv4-sp/hard/crt0.o (__libc_init_array)
c:/ti/ccsv8/tools/compiler/gcc-arm-none-eabi-7-2017-q4-major-win32/bin/../lib/gcc/arm-none-eabi/7.2.1/../../../../arm-none-eabi/lib/thumb/v7e-m/fpv4-sp/hard\libg.a(lib_a-memcpy.o)
                              ./queue.o (memcpy)
c:/ti/ccsv8/tools/compiler/gcc-arm-none-eabi-7-2017-q4-major-win32/bin/../lib/gcc/arm-none-eabi/7.2.1/../../../../arm-none-eabi/lib/thumb/v7e-m/fpv4-sp/hard\libg.a(lib_a-memset.o)
                              c:/ti/ccsv8/tools/compiler/gcc-arm-none-eabi-7-2017-q4-major-win32/bin/../lib/gcc/arm-none-eabi/7.2.1/../../../../arm-none-eabi/lib/thumb/v7e-m/fpv4-sp/hard/crt0.o (memset)
c:/ti/ccsv8/tools/compiler/gcc-arm-none-eabi-7-2017-q4-major-win32/bin/../lib/gcc/arm-none-eabi/7.2.1/../../../../arm-none-eabi/lib/thumb/v7e-m/fpv4-sp/hard\libg.a(lib_a-__call_atexit.o)
                              c:/ti/ccsv8/tools/compiler/gcc-arm-none-eabi-7-2017-q4-major-win32/bin/../lib/gcc/arm-none-eabi/7.2.1/../../../../arm-none-eabi/lib/thumb/v7e-m/fpv4-sp/hard\libg.a(lib_a-exit.o) (__call_exitprocs)
c:/ti/ccsv8/tools/compiler/gcc-arm-none-eabi-7-2017-q4-major-win32/bin/../lib/gcc/arm-none-eabi/7.2.1/../../../../arm-none-eabi/lib/thumb/v7e-m/fpv4-sp/hard\libg.a(lib_a-atexit.o)
                              c:/ti/ccsv8/tools/compiler/gcc-arm-none-eabi-7-2017-q4-major-win32/bin/../lib/gcc/arm-none-eabi/7.2.1/../../../../arm-none-eabi/lib/thumb/v7e-m/fpv4-sp/hard\libg.a(lib_a-__call_atexit.o) (atexit)
c:/ti/ccsv8/tools/compiler/gcc-arm-none-eabi-7-2017-q4-major-win32/bin/../lib/gcc/arm-none-eabi/7.2.1/../../../../arm-none-eabi/lib/thumb/v7e-m/fpv4-sp/hard\libg.a(lib_a-fini.o)
                              c:/ti/ccsv8/tools/compiler/gcc-arm-none-eabi-7-2017-q4-major-win32/bin/../lib/gcc/arm-none-eabi/7.2.1/../../../../arm-none-eabi/lib/thumb/v7e-m/fpv4-sp/hard\libg.a(lib_a-__call_atexit.o) (__libc_fini_array)
c:/ti/ccsv8/tools/compiler/gcc-arm-none-eabi-7-2017-q4-major-win32/bin/../lib/gcc/arm-none-eabi/7.2.1/../../../../arm-none-eabi/lib/thumb/v7e-m/fpv4-sp/hard\libg.a(lib_a-lock.o)
                              c:/ti/ccsv8/tools/compiler/gcc-arm-none-eabi-7-2017-q4-major-win32/bin/../lib/gcc/arm-none-eabi/7.2.1/../../../../arm-none-eabi/lib/thumb/v7e-m/fpv4-sp/hard\libg.a(lib_a-__call_atexit.o) (__retarget_lock_acquire_recursive)
c:/ti/ccsv8/tools/compiler/gcc-arm-none-eabi-7-2017-q4-major-win32/bin/../lib/gcc/arm-none-eabi/7.2.1/../../../../arm-none-eabi/lib/thumb/v7e-m/fpv4-sp/hard\libg.a(lib_a-__atexit.o)
                              c:/ti/ccsv8/tools/compiler/gcc-arm-none-eabi-7-2017-q4-major-win32/bin/../lib/gcc/arm-none-eabi/7.2.1/../../../../arm-none-eabi/lib/thumb/v7e-m/fpv4-sp/hard\libg.a(lib_a-atexit.o) (__register_exitproc)
c:/ti/ccsv8/tools/compiler/gcc-arm-none-eabi-7-2017-q4-major-win32/bin/../lib/gcc/arm-none-eabi/7.2.1/../../../../arm-none-eabi/lib/thumb/v7e-m/fpv4-sp/hard\libnosys.a(_exit.o)
                              c:/ti/ccsv8/tools/compiler/gcc-arm-none-eabi-7-2017-q4-major-win32/bin/../lib/gcc/arm-none-eabi/7.2.1/../../../../arm-none-eabi/lib/thumb/v7e-m/fpv4-sp/hard\libg.a(lib_a-exit.o) (_exit)

Allocating common symbols
Common symbol       size              file

__lock___atexit_recursive_mutex
                    0x1               c:/ti/ccsv8/tools/compiler/gcc-arm-none-eabi-7-2017-q4-major-win32/bin/../lib/gcc/arm-none-eabi/7.2.1/../../../../arm-none-eabi/lib/thumb/v7e-m/fpv4-sp/hard\libg.a(lib_a-lock.o)
__lock___arc4random_mutex
                    0x1               c:/ti/ccsv8/tools/compiler/gcc-arm-none-eabi-7-2017-q4-major-win32/bin/../lib/gcc/arm-none-eabi/7.2.1/../../../../arm-none-eabi/lib/thumb/v7e-m/fpv4-sp/hard\libg.a(lib_a-lock.o)
xQueueRegistry      0x40              ./queue.o
__lock___env_recursive_mutex
                    0x1               c:/ti/ccsv8/tools/compiler/gcc-arm-none-eabi-7-2017-q4-major-win32/bin/../lib/gcc/arm-none-eabi/7.2.1/../../../../arm-none-eabi/lib/thumb/v7e-m/fpv4-sp/hard\libg.a(lib_a-lock.o)
__lock___sinit_recursive_mutex
                    0x1               c:/ti/ccsv8/tools/compiler/gcc-arm-none-eabi-7-2017-q4-major-win32/bin/../lib/gcc/arm-none-eabi/7.2.1/../../../../arm-none-eabi/lib/thumb/v7e-m/fpv4-sp/hard\libg.a(lib_a-lock.o)
__lock___malloc_recursive_mutex
                    0x1               c:/ti/ccsv8/tools/compiler/gcc-arm-none-eabi-7-2017-q4-major-win32/bin/../lib/gcc/arm-none-eabi/7.2.1/../../../../arm-none-eabi/lib/thumb/v7e-m/fpv4-sp/hard\libg.a(lib_a-lock.o)
taskSignalSem       0x4               ./main.o
__lock___at_quick_exit_mutex
                    0x1               c:/ti/ccsv8/tools/compiler/gcc-arm-none-eabi-7-2017-q4-major-win32/bin/../lib/gcc/arm-none-eabi/7.2.1/../../../../arm-none-eabi/lib/thumb/v7e-m/fpv4-sp/hard\libg.a(lib_a-lock.o)
__lock___dd_hash_mutex
                    0x1               c:/ti/ccsv8/tools/compiler/gcc-arm-none-eabi-7-2017-q4-major-win32/bin/../lib/gcc/arm-none-eabi/7.2.1/../../../../arm-none-eabi/lib/thumb/v7e-m/fpv4-sp/hard\libg.a(lib_a-lock.o)
__lock___tz_mutex   0x1               c:/ti/ccsv8/tools/compiler/gcc-arm-none-eabi-7-2017-q4-major-win32/bin/../lib/gcc/arm-none-eabi/7.2.1/../../../../arm-none-eabi/lib/thumb/v7e-m/fpv4-sp/hard\libg.a(lib_a-lock.o)
__lock___sfp_recursive_mutex
                    0x1               c:/ti/ccsv8/tools/compiler/gcc-arm-none-eabi-7-2017-q4-major-win32/bin/../lib/gcc/arm-none-eabi/7.2.1/../../../../arm-none-eabi/lib/thumb/v7e-m/fpv4-sp/hard\libg.a(lib_a-lock.o)

Memory Configuration

Name             Origin             Length             Attributes
FLASH            0x00000000         0x00040000         xr
SRAM             0x20000000         0x00008000         xw
*default*        0x00000000         0xffffffff

Linker script and memory map

LOAD c:/ti/ccsv8/tools/compiler/gcc-arm-none-eabi-7-2017-q4-major-win32/bin/../lib/gcc/arm-none-eabi/7.2.1/thumb/v7e-m/fpv4-sp/hard/crti.o
LOAD c:/ti/ccsv8/tools/compiler/gcc-arm-none-eabi-7-2017-q4-major-win32/bin/../lib/gcc/arm-none-eabi/7.2.1/thumb/v7e-m/fpv4-sp/hard/crtbegin.o
LOAD c:/ti/ccsv8/tools/compiler/gcc-arm-none-eabi-7-2017-q4-major-win32/bin/../lib/gcc/arm-none-eabi/7.2.1/../../../../arm-none-eabi/lib/thumb/v7e-m/fpv4-sp/hard/crt0.o
LOAD ./common.o
LOAD ./gpio.o
LOAD ./heap_2.o
LOAD ./list.o
LOAD ./main.o
LOAD ./port.o
LOAD ./queue.o
LOAD ./tasks.o
LOAD ./timers.o
LOAD ./tm4c123gh6pm_startup_ccs_gcc.o
                0x00000000                PROVIDE (_intvecs_base_address, 0x0)

.intvecs        0x00000000      0x26c
 *(.intvecs)
 .intvecs       0x00000000      0x26c ./tm4c123gh6pm_startup_ccs_gcc.o
                0x00000000                g_pfnVectors
                0x20000000                PROVIDE (_vtable_base_address, 0x20000000)

.vtable
 *(.vtable)

.text           0x00000270     0x379c
 CREATE_OBJECT_SYMBOLS
 *(.text)
 .text          0x00000270        0x0 c:/ti/ccsv8/tools/compiler/gcc-arm-none-eabi-7-2017-q4-major-win32/bin/../lib/gcc/arm-none-eabi/7.2.1/thumb/v7e-m/fpv4-sp/hard/crti.o
 .text          0x00000270       0x40 c:/ti/ccsv8/tools/compiler/gcc-arm-none-eabi-7-2017-q4-major-win32/bin/../lib/gcc/arm-none-eabi/7.2.1/thumb/v7e-m/fpv4-sp/hard/crtbegin.o
 .text          0x000002b0       0x74 c:/ti/ccsv8/tools/compiler/gcc-arm-none-eabi-7-2017-q4-major-win32/bin/../lib/gcc/arm-none-eabi/7.2.1/../../../../arm-none-eabi/lib/thumb/v7e-m/fpv4-sp/hard/crt0.o
                0x000002b0                _start
                0x000002b0                _mainCRTStartup
 .text          0x00000324        0x0 ./common.o
 .text          0x00000324        0x0 ./gpio.o
 .text          0x00000324        0x0 ./heap_2.o
 .text          0x00000324        0x0 ./list.o
 .text          0x00000324        0x0 ./main.o
 .text          0x00000324        0x0 ./port.o
 .text          0x00000324        0x0 ./queue.o
 .text          0x00000324        0x0 ./tasks.o
 .text          0x00000324        0x0 ./timers.o
 .text          0x00000324        0x0 ./tm4c123gh6pm_startup_ccs_gcc.o
 .text          0x00000324        0x0 c:/ti/ccsv8/tools/compiler/gcc-arm-none-eabi-7-2017-q4-major-win32/bin/../lib/gcc/arm-none-eabi/7.2.1/../../../../arm-none-eabi/lib/thumb/v7e-m/fpv4-sp/hard\libg.a(lib_a-exit.o)
 .text          0x00000324        0x0 c:/ti/ccsv8/tools/compiler/gcc-arm-none-eabi-7-2017-q4-major-win32/bin/../lib/gcc/arm-none-eabi/7.2.1/../../../../arm-none-eabi/lib/thumb/v7e-m/fpv4-sp/hard\libg.a(lib_a-impure.o)
 .text          0x00000324        0x0 c:/ti/ccsv8/tools/compiler/gcc-arm-none-eabi-7-2017-q4-major-win32/bin/../lib/gcc/arm-none-eabi/7.2.1/../../../../arm-none-eabi/lib/thumb/v7e-m/fpv4-sp/hard\libg.a(lib_a-init.o)
 .text          0x00000324      0x134 c:/ti/ccsv8/tools/compiler/gcc-arm-none-eabi-7-2017-q4-major-win32/bin/../lib/gcc/arm-none-eabi/7.2.1/../../../../arm-none-eabi/lib/thumb/v7e-m/fpv4-sp/hard\libg.a(lib_a-memcpy.o)
                0x00000324                memcpy
 .text          0x00000458        0x0 c:/ti/ccsv8/tools/compiler/gcc-arm-none-eabi-7-2017-q4-major-win32/bin/../lib/gcc/arm-none-eabi/7.2.1/../../../../arm-none-eabi/lib/thumb/v7e-m/fpv4-sp/hard\libg.a(lib_a-memset.o)
 .text          0x00000458        0x0 c:/ti/ccsv8/tools/compiler/gcc-arm-none-eabi-7-2017-q4-major-win32/bin/../lib/gcc/arm-none-eabi/7.2.1/../../../../arm-none-eabi/lib/thumb/v7e-m/fpv4-sp/hard\libg.a(lib_a-__call_atexit.o)
 .text          0x00000458        0x0 c:/ti/ccsv8/tools/compiler/gcc-arm-none-eabi-7-2017-q4-major-win32/bin/../lib/gcc/arm-none-eabi/7.2.1/../../../../arm-none-eabi/lib/thumb/v7e-m/fpv4-sp/hard\libg.a(lib_a-atexit.o)
 .text          0x00000458        0x0 c:/ti/ccsv8/tools/compiler/gcc-arm-none-eabi-7-2017-q4-major-win32/bin/../lib/gcc/arm-none-eabi/7.2.1/../../../../arm-none-eabi/lib/thumb/v7e-m/fpv4-sp/hard\libg.a(lib_a-fini.o)
 .text          0x00000458        0x0 c:/ti/ccsv8/tools/compiler/gcc-arm-none-eabi-7-2017-q4-major-win32/bin/../lib/gcc/arm-none-eabi/7.2.1/../../../../arm-none-eabi/lib/thumb/v7e-m/fpv4-sp/hard\libg.a(lib_a-lock.o)
 .text          0x00000458        0x0 c:/ti/ccsv8/tools/compiler/gcc-arm-none-eabi-7-2017-q4-major-win32/bin/../lib/gcc/arm-none-eabi/7.2.1/../../../../arm-none-eabi/lib/thumb/v7e-m/fpv4-sp/hard\libg.a(lib_a-__atexit.o)
 .text          0x00000458        0x0 c:/ti/ccsv8/tools/compiler/gcc-arm-none-eabi-7-2017-q4-major-win32/bin/../lib/gcc/arm-none-eabi/7.2.1/../../../../arm-none-eabi/lib/thumb/v7e-m/fpv4-sp/hard\libnosys.a(_exit.o)
 .text          0x00000458        0x0 c:/ti/ccsv8/tools/compiler/gcc-arm-none-eabi-7-2017-q4-major-win32/bin/../lib/gcc/arm-none-eabi/7.2.1/thumb/v7e-m/fpv4-sp/hard/crtend.o
 .text          0x00000458        0x0 c:/ti/ccsv8/tools/compiler/gcc-arm-none-eabi-7-2017-q4-major-win32/bin/../lib/gcc/arm-none-eabi/7.2.1/thumb/v7e-m/fpv4-sp/hard/crtn.o
 *(.text.*)
 .text.vApplicationStackOverflowHook
                0x00000458        0x2 ./common.o
                0x00000458                vApplicationStackOverflowHook
 .text.vApplicationMallocFailedHook
                0x0000045a        0x2 ./common.o
                0x0000045a                vApplicationMallocFailedHook
 .text.init_gpio
                0x0000045c       0x48 ./gpio.o
                0x0000045c                init_gpio
 .text.prvHeapInit
                0x000004a4       0x2c ./heap_2.o
 .text.pvPortMalloc
                0x000004d0       0xb4 ./heap_2.o
                0x000004d0                pvPortMalloc
 .text.vPortFree
                0x00000584       0x44 ./heap_2.o
                0x00000584                vPortFree
 .text.xPortGetFreeHeapSize
                0x000005c8        0xc ./heap_2.o
                0x000005c8                xPortGetFreeHeapSize
 .text.vPortInitialiseBlocks
                0x000005d4        0x2 ./heap_2.o
                0x000005d4                vPortInitialiseBlocks
 .text.vListInitialise
                0x000005d6       0x16 ./list.o
                0x000005d6                vListInitialise
 .text.vListInitialiseItem
                0x000005ec        0x6 ./list.o
                0x000005ec                vListInitialiseItem
 .text.vListInsertEnd
                0x000005f2       0x18 ./list.o
                0x000005f2                vListInsertEnd
 .text.vListInsert
                0x0000060a       0x34 ./list.o
                0x0000060a                vListInsert
 .text.uxListRemove
                0x0000063e       0x28 ./list.o
                0x0000063e                uxListRemove
 *fill*         0x00000666        0x2 
 .text.ledTaskFlash
                0x00000668       0x68 ./main.o
                0x00000668                ledTaskFlash
 .text.semTask  0x000006d0       0x2c ./main.o
                0x000006d0                semTask
 .text.main     0x000006fc       0x7c ./main.o
                0x000006fc                main
 .text.prvTaskExitError
                0x00000778       0x40 ./port.o
 .text.prvPortStartFirstTask
                0x000007b8       0x28 ./port.o
 .text.vPortEnableVFP
                0x000007e0       0x14 ./port.o
 .text.pxPortInitialiseStack
                0x000007f4       0x2c ./port.o
                0x000007f4                pxPortInitialiseStack
 .text.vPortSVCHandler
                0x00000820       0x24 ./port.o
                0x00000820                vPortSVCHandler
 .text.vPortEndScheduler
                0x00000844       0x24 ./port.o
                0x00000844                vPortEndScheduler
 .text.vPortEnterCritical
                0x00000868       0x44 ./port.o
                0x00000868                vPortEnterCritical
 .text.vPortExitCritical
                0x000008ac       0x2c ./port.o
                0x000008ac                vPortExitCritical
 *fill*         0x000008d8        0x8 
 .text.PendSV_Handler
                0x000008e0       0x64 ./port.o
                0x000008e0                PendSV_Handler
 .text.SysTick_Handler
                0x00000944       0x2c ./port.o
                0x00000944                SysTick_Handler
 .text.vPortSetupTimerInterrupt
                0x00000970       0x28 ./port.o
                0x00000970                vPortSetupTimerInterrupt
 .text.xPortStartScheduler
                0x00000998      0x110 ./port.o
                0x00000998                xPortStartScheduler
 .text.vPortValidateInterruptPriority
                0x00000aa8       0x5c ./port.o
                0x00000aa8                vPortValidateInterruptPriority
 .text.prvGetDisinheritPriorityAfterTimeout
                0x00000b04       0x12 ./queue.o
 .text.prvIsQueueFull
                0x00000b16       0x1e ./queue.o
 .text.prvIsQueueEmpty
                0x00000b34       0x1a ./queue.o
 .text.prvCopyDataToQueue
                0x00000b4e       0x76 ./queue.o
 .text.prvCopyDataFromQueue
                0x00000bc4       0x24 ./queue.o
 .text.prvUnlockQueue
                0x00000be8       0x6e ./queue.o
 *fill*         0x00000c56        0x2 
 .text.xQueueGenericReset
                0x00000c58       0x84 ./queue.o
                0x00000c58                xQueueGenericReset
 .text.prvInitialiseNewQueue
                0x00000cdc       0x22 ./queue.o
 .text.xQueueGenericCreate
                0x00000cfe       0x48 ./queue.o
                0x00000cfe                xQueueGenericCreate
 .text.xQueueCreateCountingSemaphore
                0x00000d46       0x40 ./queue.o
                0x00000d46                xQueueCreateCountingSemaphore
 *fill*         0x00000d86        0x2 
 .text.xQueueGenericSend
                0x00000d88      0x17c ./queue.o
                0x00000d88                xQueueGenericSend
 .text.prvInitialiseMutex
                0x00000f04       0x18 ./queue.o
 .text.xQueueCreateMutex
                0x00000f1c       0x16 ./queue.o
                0x00000f1c                xQueueCreateMutex
 .text.xQueueGiveMutexRecursive
                0x00000f32       0x40 ./queue.o
                0x00000f32                xQueueGiveMutexRecursive
 .text.xQueueGenericSendFromISR
                0x00000f72       0xcc ./queue.o
                0x00000f72                xQueueGenericSendFromISR
 .text.xQueueGiveFromISR
                0x0000103e       0xb2 ./queue.o
                0x0000103e                xQueueGiveFromISR
 .text.xQueueReceive
                0x000010f0      0x158 ./queue.o
                0x000010f0                xQueueReceive
 .text.xQueueSemaphoreTake
                0x00001248      0x19c ./queue.o
                0x00001248                xQueueSemaphoreTake
 .text.xQueueTakeMutexRecursive
                0x000013e4       0x44 ./queue.o
                0x000013e4                xQueueTakeMutexRecursive
 .text.xQueuePeek
                0x00001428      0x158 ./queue.o
                0x00001428                xQueuePeek
 .text.xQueueReceiveFromISR
                0x00001580       0xaa ./queue.o
                0x00001580                xQueueReceiveFromISR
 .text.xQueuePeekFromISR
                0x0000162a       0x7c ./queue.o
                0x0000162a                xQueuePeekFromISR
 .text.uxQueueMessagesWaiting
                0x000016a6       0x26 ./queue.o
                0x000016a6                uxQueueMessagesWaiting
 .text.uxQueueSpacesAvailable
                0x000016cc       0x2a ./queue.o
                0x000016cc                uxQueueSpacesAvailable
 .text.uxQueueMessagesWaitingFromISR
                0x000016f6       0x18 ./queue.o
                0x000016f6                uxQueueMessagesWaitingFromISR
 .text.uxQueueGetQueueNumber
                0x0000170e        0x4 ./queue.o
                0x0000170e                uxQueueGetQueueNumber
 .text.vQueueSetQueueNumber
                0x00001712        0x4 ./queue.o
                0x00001712                vQueueSetQueueNumber
 .text.ucQueueGetQueueType
                0x00001716        0x6 ./queue.o
                0x00001716                ucQueueGetQueueType
 .text.xQueueIsQueueEmptyFromISR
                0x0000171c       0x20 ./queue.o
                0x0000171c                xQueueIsQueueEmptyFromISR
 .text.xQueueIsQueueFullFromISR
                0x0000173c       0x24 ./queue.o
                0x0000173c                xQueueIsQueueFullFromISR
 .text.vQueueAddToRegistry
                0x00001760       0x28 ./queue.o
                0x00001760                vQueueAddToRegistry
 .text.pcQueueGetName
                0x00001788       0x28 ./queue.o
                0x00001788                pcQueueGetName
 .text.vQueueUnregisterQueue
                0x000017b0       0x2c ./queue.o
                0x000017b0                vQueueUnregisterQueue
 .text.vQueueDelete
                0x000017dc       0x24 ./queue.o
                0x000017dc                vQueueDelete
 .text.vQueueWaitForMessageRestricted
                0x00001800       0x52 ./queue.o
                0x00001800                vQueueWaitForMessageRestricted
 *fill*         0x00001852        0x2 
 .text.prvTaskIsTaskSuspended
                0x00001854       0x40 ./tasks.o
 .text.prvTaskCheckFreeStackSpace
                0x00001894       0x14 ./tasks.o
 .text.prvResetNextTaskUnblockTime
                0x000018a8       0x2c ./tasks.o
 .text.prvDeleteTCB
                0x000018d4       0x12 ./tasks.o
 .text.prvInitialiseNewTask
                0x000018e6       0x9a ./tasks.o
 .text.prvInitialiseTaskLists
                0x00001980       0x68 ./tasks.o
 .text.prvAddNewTaskToReadyList
                0x000019e8       0xac ./tasks.o
 .text.prvCheckTasksWaitingTermination
                0x00001a94       0x4c ./tasks.o
 .text.prvIdleTask
                0x00001ae0       0x28 ./tasks.o
 .text.prvAddCurrentTaskToDelayedList
                0x00001b08       0x98 ./tasks.o
 .text.xTaskCreate
                0x00001ba0       0x62 ./tasks.o
                0x00001ba0                xTaskCreate
 *fill*         0x00001c02        0x2 
 .text.vTaskDelete
                0x00001c04       0xe0 ./tasks.o
                0x00001c04                vTaskDelete
 .text.eTaskGetState
                0x00001ce4       0x90 ./tasks.o
                0x00001ce4                eTaskGetState
 .text.uxTaskPriorityGet
                0x00001d74       0x20 ./tasks.o
                0x00001d74                uxTaskPriorityGet
 .text.uxTaskPriorityGetFromISR
                0x00001d94       0x30 ./tasks.o
                0x00001d94                uxTaskPriorityGetFromISR
 .text.vTaskPrioritySet
                0x00001dc4       0xdc ./tasks.o
                0x00001dc4                vTaskPrioritySet
 .text.vTaskResume
                0x00001ea0       0x84 ./tasks.o
                0x00001ea0                vTaskResume
 .text.xTaskResumeFromISR
                0x00001f24       0xa4 ./tasks.o
                0x00001f24                xTaskResumeFromISR
 .text.vTaskStartScheduler
                0x00001fc8       0x84 ./tasks.o
                0x00001fc8                vTaskStartScheduler
 .text.vTaskEndScheduler
                0x0000204c       0x24 ./tasks.o
                0x0000204c                vTaskEndScheduler
 .text.vTaskSuspendAll
                0x00002070       0x10 ./tasks.o
                0x00002070                vTaskSuspendAll
 .text.xTaskGetTickCount
                0x00002080        0xc ./tasks.o
                0x00002080                xTaskGetTickCount
 .text.xTaskGetTickCountFromISR
                0x0000208c       0x10 ./tasks.o
                0x0000208c                xTaskGetTickCountFromISR
 .text.uxTaskGetNumberOfTasks
                0x0000209c        0xc ./tasks.o
                0x0000209c                uxTaskGetNumberOfTasks
 .text.pcTaskGetName
                0x000020a8       0x28 ./tasks.o
                0x000020a8                pcTaskGetName
 .text.xTaskIncrementTick
                0x000020d0      0x118 ./tasks.o
                0x000020d0                xTaskIncrementTick
 .text.xTaskResumeAll
                0x000021e8       0xf4 ./tasks.o
                0x000021e8                xTaskResumeAll
 .text.vTaskDelayUntil
                0x000022dc       0xa4 ./tasks.o
                0x000022dc                vTaskDelayUntil
 .text.vTaskDelay
                0x00002380       0x4c ./tasks.o
                0x00002380                vTaskDelay
 .text.vTaskSwitchContext
                0x000023cc       0xc8 ./tasks.o
                0x000023cc                vTaskSwitchContext
 .text.vTaskSuspend
                0x00002494       0xec ./tasks.o
                0x00002494                vTaskSuspend
 .text.vTaskPlaceOnEventList
                0x00002580       0x30 ./tasks.o
                0x00002580                vTaskPlaceOnEventList
 .text.vTaskPlaceOnUnorderedEventList
                0x000025b0       0x5c ./tasks.o
                0x000025b0                vTaskPlaceOnUnorderedEventList
 .text.vTaskPlaceOnEventListRestricted
                0x0000260c       0x38 ./tasks.o
                0x0000260c                vTaskPlaceOnEventListRestricted
 .text.xTaskRemoveFromEventList
                0x00002644       0x8c ./tasks.o
                0x00002644                xTaskRemoveFromEventList
 .text.vTaskRemoveFromUnorderedEventList
                0x000026d0       0x88 ./tasks.o
                0x000026d0                vTaskRemoveFromUnorderedEventList
 .text.vTaskSetTimeOutState
                0x00002758       0x38 ./tasks.o
                0x00002758                vTaskSetTimeOutState
 .text.vTaskInternalSetTimeOutState
                0x00002790       0x18 ./tasks.o
                0x00002790                vTaskInternalSetTimeOutState
 .text.xTaskCheckForTimeOut
                0x000027a8       0x80 ./tasks.o
                0x000027a8                xTaskCheckForTimeOut
 .text.vTaskMissedYield
                0x00002828        0xc ./tasks.o
                0x00002828                vTaskMissedYield
 .text.uxTaskGetTaskNumber
                0x00002834        0xa ./tasks.o
                0x00002834                uxTaskGetTaskNumber
 .text.vTaskSetTaskNumber
                0x0000283e        0x6 ./tasks.o
                0x0000283e                vTaskSetTaskNumber
 .text.vTaskGetInfo
                0x00002844       0x78 ./tasks.o
                0x00002844                vTaskGetInfo
 .text.prvListTasksWithinSingleList
                0x000028bc       0x60 ./tasks.o
 .text.uxTaskGetSystemState
                0x0000291c       0xb0 ./tasks.o
                0x0000291c                uxTaskGetSystemState
 .text.xTaskGetCurrentTaskHandle
                0x000029cc        0xc ./tasks.o
                0x000029cc                xTaskGetCurrentTaskHandle
 .text.xTaskGetSchedulerState
                0x000029d8       0x20 ./tasks.o
                0x000029d8                xTaskGetSchedulerState
 .text.xTaskPriorityInherit
                0x000029f8       0xb8 ./tasks.o
                0x000029f8                xTaskPriorityInherit
 .text.xTaskPriorityDisinherit
                0x00002ab0       0xb0 ./tasks.o
                0x00002ab0                xTaskPriorityDisinherit
 .text.vTaskPriorityDisinheritAfterTimeout
                0x00002b60       0xc0 ./tasks.o
                0x00002b60                vTaskPriorityDisinheritAfterTimeout
 .text.uxTaskResetEventItemValue
                0x00002c20       0x18 ./tasks.o
                0x00002c20                uxTaskResetEventItemValue
 .text.pvTaskIncrementMutexHeldCount
                0x00002c38       0x1c ./tasks.o
                0x00002c38                pvTaskIncrementMutexHeldCount
 .text.ulTaskNotifyTake
                0x00002c54       0x78 ./tasks.o
                0x00002c54                ulTaskNotifyTake
 .text.xTaskNotifyWait
                0x00002ccc       0x98 ./tasks.o
                0x00002ccc                xTaskNotifyWait
 .text.xTaskGenericNotify
                0x00002d64      0x100 ./tasks.o
                0x00002d64                xTaskGenericNotify
 .text.xTaskGenericNotifyFromISR
                0x00002e64      0x138 ./tasks.o
                0x00002e64                xTaskGenericNotifyFromISR
 .text.vTaskNotifyGiveFromISR
                0x00002f9c       0xcc ./tasks.o
                0x00002f9c                vTaskNotifyGiveFromISR
 .text.xTaskNotifyStateClear
                0x00003068       0x34 ./tasks.o
                0x00003068                xTaskNotifyStateClear
 .text.prvGetNextExpireTime
                0x0000309c       0x20 ./timers.o
 .text.prvInsertTimerInActiveList
                0x000030bc       0x48 ./timers.o
 .text.prvCheckForValidListAndQueue
                0x00003104       0x5c ./timers.o
 .text.prvInitialiseNewTimer
                0x00003160       0x4c ./timers.o
 .text.xTimerCreateTimerTask
                0x000031ac       0x50 ./timers.o
                0x000031ac                xTimerCreateTimerTask
 .text.xTimerCreate
                0x000031fc       0x38 ./timers.o
                0x000031fc                xTimerCreate
 .text.xTimerGenericCommand
                0x00003234       0x6c ./timers.o
                0x00003234                xTimerGenericCommand
 .text.prvSwitchTimerLists
                0x000032a0       0x7c ./timers.o
 .text.prvSampleTimeNow
                0x0000331c       0x2c ./timers.o
 .text.prvProcessExpiredTimer
                0x00003348       0x6c ./timers.o
 .text.prvProcessTimerOrBlockTask
                0x000033b4       0x74 ./timers.o
 .text.prvProcessReceivedCommands
                0x00003428       0xfc ./timers.o
 .text.prvTimerTask
                0x00003524       0x16 ./timers.o
 *fill*         0x0000353a        0x2 
 .text.xTimerGetTimerDaemonTaskHandle
                0x0000353c       0x20 ./timers.o
                0x0000353c                xTimerGetTimerDaemonTaskHandle
 .text.xTimerGetPeriod
                0x0000355c       0x18 ./timers.o
                0x0000355c                xTimerGetPeriod
 .text.vTimerSetReloadMode
                0x00003574       0x40 ./timers.o
                0x00003574                vTimerSetReloadMode
 .text.xTimerGetExpiryTime
                0x000035b4       0x18 ./timers.o
                0x000035b4                xTimerGetExpiryTime
 .text.pcTimerGetName
                0x000035cc       0x18 ./timers.o
                0x000035cc                pcTimerGetName
 .text.xTimerIsTimerActive
                0x000035e4       0x34 ./timers.o
                0x000035e4                xTimerIsTimerActive
 .text.pvTimerGetTimerID
                0x00003618       0x26 ./timers.o
                0x00003618                pvTimerGetTimerID
 .text.vTimerSetTimerID
                0x0000363e       0x26 ./timers.o
                0x0000363e                vTimerSetTimerID
 .text.uxTimerGetTimerNumber
                0x00003664        0x4 ./timers.o
                0x00003664                uxTimerGetTimerNumber
 .text.vTimerSetTimerNumber
                0x00003668        0x4 ./timers.o
                0x00003668                vTimerSetTimerNumber
 .text.NmiSR    0x0000366c        0x2 ./tm4c123gh6pm_startup_ccs_gcc.o
 .text.FaultISR
                0x0000366e        0x2 ./tm4c123gh6pm_startup_ccs_gcc.o
 .text.IntDefaultHandler
                0x00003670        0x2 ./tm4c123gh6pm_startup_ccs_gcc.o
 *fill*         0x00003672        0x2 
 .text.ResetISR
                0x00003674       0x50 ./tm4c123gh6pm_startup_ccs_gcc.o
                0x00003674                ResetISR
 .text.exit     0x000036c4       0x20 c:/ti/ccsv8/tools/compiler/gcc-arm-none-eabi-7-2017-q4-major-win32/bin/../lib/gcc/arm-none-eabi/7.2.1/../../../../arm-none-eabi/lib/thumb/v7e-m/fpv4-sp/hard\libg.a(lib_a-exit.o)
                0x000036c4                exit
 .text.__libc_init_array
                0x000036e4       0x48 c:/ti/ccsv8/tools/compiler/gcc-arm-none-eabi-7-2017-q4-major-win32/bin/../lib/gcc/arm-none-eabi/7.2.1/../../../../arm-none-eabi/lib/thumb/v7e-m/fpv4-sp/hard\libg.a(lib_a-init.o)
                0x000036e4                __libc_init_array
 .text.memset   0x0000372c       0x94 c:/ti/ccsv8/tools/compiler/gcc-arm-none-eabi-7-2017-q4-major-win32/bin/../lib/gcc/arm-none-eabi/7.2.1/../../../../arm-none-eabi/lib/thumb/v7e-m/fpv4-sp/hard\libg.a(lib_a-memset.o)
                0x0000372c                memset
 .text.startup.register_fini
                0x000037c0       0x14 c:/ti/ccsv8/tools/compiler/gcc-arm-none-eabi-7-2017-q4-major-win32/bin/../lib/gcc/arm-none-eabi/7.2.1/../../../../arm-none-eabi/lib/thumb/v7e-m/fpv4-sp/hard\libg.a(lib_a-__call_atexit.o)
 .text.__call_exitprocs
                0x000037d4       0xe8 c:/ti/ccsv8/tools/compiler/gcc-arm-none-eabi-7-2017-q4-major-win32/bin/../lib/gcc/arm-none-eabi/7.2.1/../../../../arm-none-eabi/lib/thumb/v7e-m/fpv4-sp/hard\libg.a(lib_a-__call_atexit.o)
                0x000037d4                __call_exitprocs
 .text.atexit   0x000038bc        0xc c:/ti/ccsv8/tools/compiler/gcc-arm-none-eabi-7-2017-q4-major-win32/bin/../lib/gcc/arm-none-eabi/7.2.1/../../../../arm-none-eabi/lib/thumb/v7e-m/fpv4-sp/hard\libg.a(lib_a-atexit.o)
                0x000038bc                atexit
 .text.__libc_fini_array
                0x000038c8       0x34 c:/ti/ccsv8/tools/compiler/gcc-arm-none-eabi-7-2017-q4-major-win32/bin/../lib/gcc/arm-none-eabi/7.2.1/../../../../arm-none-eabi/lib/thumb/v7e-m/fpv4-sp/hard\libg.a(lib_a-fini.o)
                0x000038c8                __libc_fini_array
 .text.__retarget_lock_init
                0x000038fc        0x4 c:/ti/ccsv8/tools/compiler/gcc-arm-none-eabi-7-2017-q4-major-win32/bin/../lib/gcc/arm-none-eabi/7.2.1/../../../../arm-none-eabi/lib/thumb/v7e-m/fpv4-sp/hard\libg.a(lib_a-lock.o)
                0x000038fc                __retarget_lock_init
 .text.__retarget_lock_init_recursive
                0x00003900        0x4 c:/ti/ccsv8/tools/compiler/gcc-arm-none-eabi-7-2017-q4-major-win32/bin/../lib/gcc/arm-none-eabi/7.2.1/../../../../arm-none-eabi/lib/thumb/v7e-m/fpv4-sp/hard\libg.a(lib_a-lock.o)
                0x00003900                __retarget_lock_init_recursive
 .text.__retarget_lock_close
                0x00003904        0x4 c:/ti/ccsv8/tools/compiler/gcc-arm-none-eabi-7-2017-q4-major-win32/bin/../lib/gcc/arm-none-eabi/7.2.1/../../../../arm-none-eabi/lib/thumb/v7e-m/fpv4-sp/hard\libg.a(lib_a-lock.o)
                0x00003904                __retarget_lock_close
 .text.__retarget_lock_close_recursive
                0x00003908        0x4 c:/ti/ccsv8/tools/compiler/gcc-arm-none-eabi-7-2017-q4-major-win32/bin/../lib/gcc/arm-none-eabi/7.2.1/../../../../arm-none-eabi/lib/thumb/v7e-m/fpv4-sp/hard\libg.a(lib_a-lock.o)
                0x00003908                __retarget_lock_close_recursive
 .text.__retarget_lock_acquire
                0x0000390c        0x4 c:/ti/ccsv8/tools/compiler/gcc-arm-none-eabi-7-2017-q4-major-win32/bin/../lib/gcc/arm-none-eabi/7.2.1/../../../../arm-none-eabi/lib/thumb/v7e-m/fpv4-sp/hard\libg.a(lib_a-lock.o)
                0x0000390c                __retarget_lock_acquire
 .text.__retarget_lock_acquire_recursive
                0x00003910        0x4 c:/ti/ccsv8/tools/compiler/gcc-arm-none-eabi-7-2017-q4-major-win32/bin/../lib/gcc/arm-none-eabi/7.2.1/../../../../arm-none-eabi/lib/thumb/v7e-m/fpv4-sp/hard\libg.a(lib_a-lock.o)
                0x00003910                __retarget_lock_acquire_recursive
 .text.__retarget_lock_try_acquire
                0x00003914        0x4 c:/ti/ccsv8/tools/compiler/gcc-arm-none-eabi-7-2017-q4-major-win32/bin/../lib/gcc/arm-none-eabi/7.2.1/../../../../arm-none-eabi/lib/thumb/v7e-m/fpv4-sp/hard\libg.a(lib_a-lock.o)
                0x00003914                __retarget_lock_try_acquire
 .text.__retarget_lock_try_acquire_recursive
                0x00003918        0x4 c:/ti/ccsv8/tools/compiler/gcc-arm-none-eabi-7-2017-q4-major-win32/bin/../lib/gcc/arm-none-eabi/7.2.1/../../../../arm-none-eabi/lib/thumb/v7e-m/fpv4-sp/hard\libg.a(lib_a-lock.o)
                0x00003918                __retarget_lock_try_acquire_recursive
 .text.__retarget_lock_release
                0x0000391c        0x4 c:/ti/ccsv8/tools/compiler/gcc-arm-none-eabi-7-2017-q4-major-win32/bin/../lib/gcc/arm-none-eabi/7.2.1/../../../../arm-none-eabi/lib/thumb/v7e-m/fpv4-sp/hard\libg.a(lib_a-lock.o)
                0x0000391c                __retarget_lock_release
 .text.__retarget_lock_release_recursive
                0x00003920        0x4 c:/ti/ccsv8/tools/compiler/gcc-arm-none-eabi-7-2017-q4-major-win32/bin/../lib/gcc/arm-none-eabi/7.2.1/../../../../arm-none-eabi/lib/thumb/v7e-m/fpv4-sp/hard\libg.a(lib_a-lock.o)
                0x00003920                __retarget_lock_release_recursive
 .text.__register_exitproc
                0x00003924       0xc0 c:/ti/ccsv8/tools/compiler/gcc-arm-none-eabi-7-2017-q4-major-win32/bin/../lib/gcc/arm-none-eabi/7.2.1/../../../../arm-none-eabi/lib/thumb/v7e-m/fpv4-sp/hard\libg.a(lib_a-__atexit.o)
                0x00003924                __register_exitproc
 .text._exit    0x000039e4        0x4 c:/ti/ccsv8/tools/compiler/gcc-arm-none-eabi-7-2017-q4-major-win32/bin/../lib/gcc/arm-none-eabi/7.2.1/../../../../arm-none-eabi/lib/thumb/v7e-m/fpv4-sp/hard\libnosys.a(_exit.o)
                0x000039e4                _exit
                0x000039e8                . = ALIGN (0x4)
 *(.ctors)
                0x000039e8                . = ALIGN (0x4)
 *(.dtors)
                0x000039e8                . = ALIGN (0x4)
                0x000039e8                __init_array_start = .
 *(.init_array*)
 .init_array    0x000039e8        0x4 c:/ti/ccsv8/tools/compiler/gcc-arm-none-eabi-7-2017-q4-major-win32/bin/../lib/gcc/arm-none-eabi/7.2.1/thumb/v7e-m/fpv4-sp/hard/crtbegin.o
 .init_array.00000
                0x000039ec        0x4 c:/ti/ccsv8/tools/compiler/gcc-arm-none-eabi-7-2017-q4-major-win32/bin/../lib/gcc/arm-none-eabi/7.2.1/../../../../arm-none-eabi/lib/thumb/v7e-m/fpv4-sp/hard\libg.a(lib_a-__call_atexit.o)
                0x000039f0                __init_array_end = .
 *(.init)
 .init          0x000039f0        0x4 c:/ti/ccsv8/tools/compiler/gcc-arm-none-eabi-7-2017-q4-major-win32/bin/../lib/gcc/arm-none-eabi/7.2.1/thumb/v7e-m/fpv4-sp/hard/crti.o
                0x000039f0                _init
 .init          0x000039f4        0x8 c:/ti/ccsv8/tools/compiler/gcc-arm-none-eabi-7-2017-q4-major-win32/bin/../lib/gcc/arm-none-eabi/7.2.1/thumb/v7e-m/fpv4-sp/hard/crtn.o
 *(.fini*)
 .fini          0x000039fc        0x4 c:/ti/ccsv8/tools/compiler/gcc-arm-none-eabi-7-2017-q4-major-win32/bin/../lib/gcc/arm-none-eabi/7.2.1/thumb/v7e-m/fpv4-sp/hard/crti.o
                0x000039fc                _fini
 .fini_array    0x00003a00        0x4 c:/ti/ccsv8/tools/compiler/gcc-arm-none-eabi-7-2017-q4-major-win32/bin/../lib/gcc/arm-none-eabi/7.2.1/thumb/v7e-m/fpv4-sp/hard/crtbegin.o
 .fini          0x00003a04        0x8 c:/ti/ccsv8/tools/compiler/gcc-arm-none-eabi-7-2017-q4-major-win32/bin/../lib/gcc/arm-none-eabi/7.2.1/thumb/v7e-m/fpv4-sp/hard/crtn.o
                [!provide]                PROVIDE (__etext, .)
                [!provide]                PROVIDE (_etext, .)
                [!provide]                PROVIDE (etext, .)

.glue_7         0x00003a0c        0x0
 .glue_7        0x00003a0c        0x0 linker stubs

.glue_7t        0x00003a0c        0x0
 .glue_7t       0x00003a0c        0x0 linker stubs

.vfp11_veneer   0x00003a0c        0x0
 .vfp11_veneer  0x00003a0c        0x0 linker stubs

.v4_bx          0x00003a0c        0x0
 .v4_bx         0x00003a0c        0x0 linker stubs

.iplt           0x00003a0c        0x0
 .iplt          0x00003a0c        0x0 c:/ti/ccsv8/tools/compiler/gcc-arm-none-eabi-7-2017-q4-major-win32/bin/../lib/gcc/arm-none-eabi/7.2.1/thumb/v7e-m/fpv4-sp/hard/crtbegin.o

.rodata         0x00003a0c       0x44
 *(.rodata)
 *(.rodata*)
 .rodata.main.str1.4
                0x00003a0c       0x28 ./main.o
 .rodata.vTaskStartScheduler.str1.4
                0x00003a34        0x5 ./tasks.o
 *fill*         0x00003a39        0x3 
 .rodata.prvCheckForValidListAndQueue.str1.4
                0x00003a3c        0x5 ./timers.o
 *fill*         0x00003a41        0x3 
 .rodata.xTimerCreateTimerTask.str1.4
                0x00003a44        0x8 ./timers.o
 .rodata._global_impure_ptr
                0x00003a4c        0x4 c:/ti/ccsv8/tools/compiler/gcc-arm-none-eabi-7-2017-q4-major-win32/bin/../lib/gcc/arm-none-eabi/7.2.1/../../../../arm-none-eabi/lib/thumb/v7e-m/fpv4-sp/hard\libg.a(lib_a-impure.o)
                0x00003a4c                _global_impure_ptr

.eh_frame       0x00003a50        0x4
 .eh_frame      0x00003a50        0x0 c:/ti/ccsv8/tools/compiler/gcc-arm-none-eabi-7-2017-q4-major-win32/bin/../lib/gcc/arm-none-eabi/7.2.1/thumb/v7e-m/fpv4-sp/hard/crtbegin.o
 .eh_frame      0x00003a50        0x4 c:/ti/ccsv8/tools/compiler/gcc-arm-none-eabi-7-2017-q4-major-win32/bin/../lib/gcc/arm-none-eabi/7.2.1/thumb/v7e-m/fpv4-sp/hard/crtend.o

.data           0x20000000      0x43c load address 0x00003a54
                0x00003a54                __data_load__ = LOADADDR (.data)
                0x20000000                __data_start__ = .
 *(.data)
 .data          0x20000000        0x0 c:/ti/ccsv8/tools/compiler/gcc-arm-none-eabi-7-2017-q4-major-win32/bin/../lib/gcc/arm-none-eabi/7.2.1/thumb/v7e-m/fpv4-sp/hard/crti.o
 .data          0x20000000        0x4 c:/ti/ccsv8/tools/compiler/gcc-arm-none-eabi-7-2017-q4-major-win32/bin/../lib/gcc/arm-none-eabi/7.2.1/thumb/v7e-m/fpv4-sp/hard/crtbegin.o
                0x20000000                __dso_handle
 .data          0x20000004        0x0 c:/ti/ccsv8/tools/compiler/gcc-arm-none-eabi-7-2017-q4-major-win32/bin/../lib/gcc/arm-none-eabi/7.2.1/../../../../arm-none-eabi/lib/thumb/v7e-m/fpv4-sp/hard/crt0.o
 .data          0x20000004        0x0 ./common.o
 .data          0x20000004        0x0 ./gpio.o
 .data          0x20000004        0x0 ./heap_2.o
 .data          0x20000004        0x0 ./list.o
 .data          0x20000004        0x0 ./main.o
 .data          0x20000004        0x0 ./port.o
 .data          0x20000004        0x0 ./queue.o
 .data          0x20000004        0x0 ./tasks.o
 .data          0x20000004        0x0 ./timers.o
 .data          0x20000004        0x0 ./tm4c123gh6pm_startup_ccs_gcc.o
 .data          0x20000004        0x0 c:/ti/ccsv8/tools/compiler/gcc-arm-none-eabi-7-2017-q4-major-win32/bin/../lib/gcc/arm-none-eabi/7.2.1/../../../../arm-none-eabi/lib/thumb/v7e-m/fpv4-sp/hard\libg.a(lib_a-exit.o)
 .data          0x20000004        0x0 c:/ti/ccsv8/tools/compiler/gcc-arm-none-eabi-7-2017-q4-major-win32/bin/../lib/gcc/arm-none-eabi/7.2.1/../../../../arm-none-eabi/lib/thumb/v7e-m/fpv4-sp/hard\libg.a(lib_a-impure.o)
 .data          0x20000004        0x0 c:/ti/ccsv8/tools/compiler/gcc-arm-none-eabi-7-2017-q4-major-win32/bin/../lib/gcc/arm-none-eabi/7.2.1/../../../../arm-none-eabi/lib/thumb/v7e-m/fpv4-sp/hard\libg.a(lib_a-init.o)
 .data          0x20000004        0x0 c:/ti/ccsv8/tools/compiler/gcc-arm-none-eabi-7-2017-q4-major-win32/bin/../lib/gcc/arm-none-eabi/7.2.1/../../../../arm-none-eabi/lib/thumb/v7e-m/fpv4-sp/hard\libg.a(lib_a-memcpy.o)
 .data          0x20000004        0x0 c:/ti/ccsv8/tools/compiler/gcc-arm-none-eabi-7-2017-q4-major-win32/bin/../lib/gcc/arm-none-eabi/7.2.1/../../../../arm-none-eabi/lib/thumb/v7e-m/fpv4-sp/hard\libg.a(lib_a-memset.o)
 .data          0x20000004        0x0 c:/ti/ccsv8/tools/compiler/gcc-arm-none-eabi-7-2017-q4-major-win32/bin/../lib/gcc/arm-none-eabi/7.2.1/../../../../arm-none-eabi/lib/thumb/v7e-m/fpv4-sp/hard\libg.a(lib_a-__call_atexit.o)
 .data          0x20000004        0x0 c:/ti/ccsv8/tools/compiler/gcc-arm-none-eabi-7-2017-q4-major-win32/bin/../lib/gcc/arm-none-eabi/7.2.1/../../../../arm-none-eabi/lib/thumb/v7e-m/fpv4-sp/hard\libg.a(lib_a-atexit.o)
 .data          0x20000004        0x0 c:/ti/ccsv8/tools/compiler/gcc-arm-none-eabi-7-2017-q4-major-win32/bin/../lib/gcc/arm-none-eabi/7.2.1/../../../../arm-none-eabi/lib/thumb/v7e-m/fpv4-sp/hard\libg.a(lib_a-fini.o)
 .data          0x20000004        0x0 c:/ti/ccsv8/tools/compiler/gcc-arm-none-eabi-7-2017-q4-major-win32/bin/../lib/gcc/arm-none-eabi/7.2.1/../../../../arm-none-eabi/lib/thumb/v7e-m/fpv4-sp/hard\libg.a(lib_a-lock.o)
 .data          0x20000004        0x0 c:/ti/ccsv8/tools/compiler/gcc-arm-none-eabi-7-2017-q4-major-win32/bin/../lib/gcc/arm-none-eabi/7.2.1/../../../../arm-none-eabi/lib/thumb/v7e-m/fpv4-sp/hard\libg.a(lib_a-__atexit.o)
 .data          0x20000004        0x0 c:/ti/ccsv8/tools/compiler/gcc-arm-none-eabi-7-2017-q4-major-win32/bin/../lib/gcc/arm-none-eabi/7.2.1/../../../../arm-none-eabi/lib/thumb/v7e-m/fpv4-sp/hard\libnosys.a(_exit.o)
 .data          0x20000004        0x0 c:/ti/ccsv8/tools/compiler/gcc-arm-none-eabi-7-2017-q4-major-win32/bin/../lib/gcc/arm-none-eabi/7.2.1/thumb/v7e-m/fpv4-sp/hard/crtend.o
 .data          0x20000004        0x0 c:/ti/ccsv8/tools/compiler/gcc-arm-none-eabi-7-2017-q4-major-win32/bin/../lib/gcc/arm-none-eabi/7.2.1/thumb/v7e-m/fpv4-sp/hard/crtn.o
 *(.data*)
 .data.xFreeBytesRemaining
                0x20000004        0x4 ./heap_2.o
 .data.uxCriticalNesting
                0x20000008        0x4 ./port.o
 .data._impure_ptr
                0x2000000c        0x4 c:/ti/ccsv8/tools/compiler/gcc-arm-none-eabi-7-2017-q4-major-win32/bin/../lib/gcc/arm-none-eabi/7.2.1/../../../../arm-none-eabi/lib/thumb/v7e-m/fpv4-sp/hard\libg.a(lib_a-impure.o)
                0x2000000c                _impure_ptr
 .data.impure_data
                0x20000010      0x428 c:/ti/ccsv8/tools/compiler/gcc-arm-none-eabi-7-2017-q4-major-win32/bin/../lib/gcc/arm-none-eabi/7.2.1/../../../../arm-none-eabi/lib/thumb/v7e-m/fpv4-sp/hard\libg.a(lib_a-impure.o)
 .data.__atexit_recursive_mutex
                0x20000438        0x4 c:/ti/ccsv8/tools/compiler/gcc-arm-none-eabi-7-2017-q4-major-win32/bin/../lib/gcc/arm-none-eabi/7.2.1/../../../../arm-none-eabi/lib/thumb/v7e-m/fpv4-sp/hard\libg.a(lib_a-__call_atexit.o)
                0x20000438                __atexit_recursive_mutex
                0x2000043c                . = ALIGN (0x4)
                0x2000043c                __data_end__ = .

.igot.plt       0x2000043c        0x0 load address 0x00003e90
 .igot.plt      0x2000043c        0x0 c:/ti/ccsv8/tools/compiler/gcc-arm-none-eabi-7-2017-q4-major-win32/bin/../lib/gcc/arm-none-eabi/7.2.1/thumb/v7e-m/fpv4-sp/hard/crtbegin.o

.ARM.exidx      0x00003e90        0x8
                0x00003e90                __exidx_start = .
 *(.ARM.exidx* .gnu.linkonce.armexidx.*)
 .ARM.exidx     0x00003e90        0x8 c:/ti/ccsv8/tools/compiler/gcc-arm-none-eabi-7-2017-q4-major-win32/bin/../lib/gcc/arm-none-eabi/7.2.1/../../../../arm-none-eabi/lib/thumb/v7e-m/fpv4-sp/hard/crt0.o
                0x00003e98                __exidx_end = .

.ARM.extab      0x00003e98        0x0
 *(.ARM.extab* .gnu.linkonce.armextab.*)
 .ARM.extab     0x00003e98        0x0 c:/ti/ccsv8/tools/compiler/gcc-arm-none-eabi-7-2017-q4-major-win32/bin/../lib/gcc/arm-none-eabi/7.2.1/../../../../arm-none-eabi/lib/thumb/v7e-m/fpv4-sp/hard/crt0.o

.rel.dyn        0x00003e98        0x0
 .rel.iplt      0x00003e98        0x0 c:/ti/ccsv8/tools/compiler/gcc-arm-none-eabi-7-2017-q4-major-win32/bin/../lib/gcc/arm-none-eabi/7.2.1/thumb/v7e-m/fpv4-sp/hard/crtbegin.o

.bss            0x2000043c     0x53e4
                0x2000043c                __bss_start__ = .
 *(.shbss)
 *(.bss)
 .bss           0x2000043c        0x0 c:/ti/ccsv8/tools/compiler/gcc-arm-none-eabi-7-2017-q4-major-win32/bin/../lib/gcc/arm-none-eabi/7.2.1/thumb/v7e-m/fpv4-sp/hard/crti.o
 .bss           0x2000043c       0x1c c:/ti/ccsv8/tools/compiler/gcc-arm-none-eabi-7-2017-q4-major-win32/bin/../lib/gcc/arm-none-eabi/7.2.1/thumb/v7e-m/fpv4-sp/hard/crtbegin.o
 .bss           0x20000458        0x0 c:/ti/ccsv8/tools/compiler/gcc-arm-none-eabi-7-2017-q4-major-win32/bin/../lib/gcc/arm-none-eabi/7.2.1/../../../../arm-none-eabi/lib/thumb/v7e-m/fpv4-sp/hard/crt0.o
 .bss           0x20000458        0x0 ./common.o
 .bss           0x20000458        0x0 ./gpio.o
 .bss           0x20000458        0x0 ./heap_2.o
 .bss           0x20000458        0x0 ./list.o
 .bss           0x20000458        0x0 ./main.o
 .bss           0x20000458        0x0 ./port.o
 .bss           0x20000458        0x0 ./queue.o
 .bss           0x20000458        0x0 ./tasks.o
 .bss           0x20000458        0x0 ./timers.o
 .bss           0x20000458        0x0 ./tm4c123gh6pm_startup_ccs_gcc.o
 .bss           0x20000458        0x0 c:/ti/ccsv8/tools/compiler/gcc-arm-none-eabi-7-2017-q4-major-win32/bin/../lib/gcc/arm-none-eabi/7.2.1/../../../../arm-none-eabi/lib/thumb/v7e-m/fpv4-sp/hard\libg.a(lib_a-exit.o)
 .bss           0x20000458        0x0 c:/ti/ccsv8/tools/compiler/gcc-arm-none-eabi-7-2017-q4-major-win32/bin/../lib/gcc/arm-none-eabi/7.2.1/../../../../arm-none-eabi/lib/thumb/v7e-m/fpv4-sp/hard\libg.a(lib_a-impure.o)
 .bss           0x20000458        0x0 c:/ti/ccsv8/tools/compiler/gcc-arm-none-eabi-7-2017-q4-major-win32/bin/../lib/gcc/arm-none-eabi/7.2.1/../../../../arm-none-eabi/lib/thumb/v7e-m/fpv4-sp/hard\libg.a(lib_a-init.o)
 .bss           0x20000458        0x0 c:/ti/ccsv8/tools/compiler/gcc-arm-none-eabi-7-2017-q4-major-win32/bin/../lib/gcc/arm-none-eabi/7.2.1/../../../../arm-none-eabi/lib/thumb/v7e-m/fpv4-sp/hard\libg.a(lib_a-memcpy.o)
 .bss           0x20000458        0x0 c:/ti/ccsv8/tools/compiler/gcc-arm-none-eabi-7-2017-q4-major-win32/bin/../lib/gcc/arm-none-eabi/7.2.1/../../../../arm-none-eabi/lib/thumb/v7e-m/fpv4-sp/hard\libg.a(lib_a-memset.o)
 .bss           0x20000458        0x0 c:/ti/ccsv8/tools/compiler/gcc-arm-none-eabi-7-2017-q4-major-win32/bin/../lib/gcc/arm-none-eabi/7.2.1/../../../../arm-none-eabi/lib/thumb/v7e-m/fpv4-sp/hard\libg.a(lib_a-__call_atexit.o)
 .bss           0x20000458        0x0 c:/ti/ccsv8/tools/compiler/gcc-arm-none-eabi-7-2017-q4-major-win32/bin/../lib/gcc/arm-none-eabi/7.2.1/../../../../arm-none-eabi/lib/thumb/v7e-m/fpv4-sp/hard\libg.a(lib_a-atexit.o)
 .bss           0x20000458        0x0 c:/ti/ccsv8/tools/compiler/gcc-arm-none-eabi-7-2017-q4-major-win32/bin/../lib/gcc/arm-none-eabi/7.2.1/../../../../arm-none-eabi/lib/thumb/v7e-m/fpv4-sp/hard\libg.a(lib_a-fini.o)
 .bss           0x20000458        0x0 c:/ti/ccsv8/tools/compiler/gcc-arm-none-eabi-7-2017-q4-major-win32/bin/../lib/gcc/arm-none-eabi/7.2.1/../../../../arm-none-eabi/lib/thumb/v7e-m/fpv4-sp/hard\libg.a(lib_a-lock.o)
 .bss           0x20000458        0x0 c:/ti/ccsv8/tools/compiler/gcc-arm-none-eabi-7-2017-q4-major-win32/bin/../lib/gcc/arm-none-eabi/7.2.1/../../../../arm-none-eabi/lib/thumb/v7e-m/fpv4-sp/hard\libg.a(lib_a-__atexit.o)
 .bss           0x20000458        0x0 c:/ti/ccsv8/tools/compiler/gcc-arm-none-eabi-7-2017-q4-major-win32/bin/../lib/gcc/arm-none-eabi/7.2.1/../../../../arm-none-eabi/lib/thumb/v7e-m/fpv4-sp/hard\libnosys.a(_exit.o)
 .bss           0x20000458        0x0 c:/ti/ccsv8/tools/compiler/gcc-arm-none-eabi-7-2017-q4-major-win32/bin/../lib/gcc/arm-none-eabi/7.2.1/thumb/v7e-m/fpv4-sp/hard/crtend.o
 .bss           0x20000458        0x0 c:/ti/ccsv8/tools/compiler/gcc-arm-none-eabi-7-2017-q4-major-win32/bin/../lib/gcc/arm-none-eabi/7.2.1/thumb/v7e-m/fpv4-sp/hard/crtn.o
 *(.bss.*)
 .bss.ucHeap    0x20000458     0x5000 ./heap_2.o
 .bss.xEnd      0x20005458        0x8 ./heap_2.o
 .bss.xHeapHasBeenInitialised.6410
                0x20005460        0x4 ./heap_2.o
 .bss.xStart    0x20005464        0x8 ./heap_2.o
 .bss.semTaskHandle
                0x2000546c        0x4 ./main.o
                0x2000546c                semTaskHandle
 .bss.ucMaxSysCallPriority
                0x20005470        0x1 ./port.o
 *fill*         0x20005471        0x3 
 .bss.ulMaxPRIGROUPValue
                0x20005474        0x4 ./port.o
 .bss.pxCurrentTCB
                0x20005478        0x4 ./tasks.o
                0x20005478                pxCurrentTCB
 .bss.pxDelayedTaskList
                0x2000547c        0x4 ./tasks.o
 .bss.pxOverflowDelayedTaskList
                0x20005480        0x4 ./tasks.o
 .bss.pxReadyTasksLists
                0x20005484       0x64 ./tasks.o
 .bss.uxCurrentNumberOfTasks
                0x200054e8        0x4 ./tasks.o
 .bss.uxDeletedTasksWaitingCleanUp
                0x200054ec        0x4 ./tasks.o
 .bss.uxPendedTicks
                0x200054f0        0x4 ./tasks.o
 .bss.uxSchedulerSuspended
                0x200054f4        0x4 ./tasks.o
 .bss.uxTaskNumber
                0x200054f8        0x4 ./tasks.o
 .bss.uxTopReadyPriority
                0x200054fc        0x4 ./tasks.o
 .bss.xDelayedTaskList1
                0x20005500       0x14 ./tasks.o
 .bss.xDelayedTaskList2
                0x20005514       0x14 ./tasks.o
 .bss.xIdleTaskHandle
                0x20005528        0x4 ./tasks.o
 .bss.xNextTaskUnblockTime
                0x2000552c        0x4 ./tasks.o
 .bss.xNumOfOverflows
                0x20005530        0x4 ./tasks.o
 .bss.xPendingReadyList
                0x20005534       0x14 ./tasks.o
 .bss.xSchedulerRunning
                0x20005548        0x4 ./tasks.o
 .bss.xSuspendedTaskList
                0x2000554c       0x14 ./tasks.o
 .bss.xTasksWaitingTermination
                0x20005560       0x14 ./tasks.o
 .bss.xTickCount
                0x20005574        0x4 ./tasks.o
 .bss.xYieldPending
                0x20005578        0x4 ./tasks.o
 .bss.pxCurrentTimerList
                0x2000557c        0x4 ./timers.o
 .bss.pxOverflowTimerList
                0x20005580        0x4 ./timers.o
 .bss.xActiveTimerList1
                0x20005584       0x14 ./timers.o
 .bss.xActiveTimerList2
                0x20005598       0x14 ./timers.o
 .bss.xLastTime.6714
                0x200055ac        0x4 ./timers.o
 .bss.xTimerQueue
                0x200055b0        0x4 ./timers.o
 .bss.xTimerTaskHandle
                0x200055b4        0x4 ./timers.o
 .bss.pui32Stack
                0x200055b8      0x200 ./tm4c123gh6pm_startup_ccs_gcc.o
 *(COMMON)
 COMMON         0x200057b8        0x4 ./main.o
                0x200057b8                taskSignalSem
 COMMON         0x200057bc       0x40 ./queue.o
                0x200057bc                xQueueRegistry
 COMMON         0x200057fc       0x21 c:/ti/ccsv8/tools/compiler/gcc-arm-none-eabi-7-2017-q4-major-win32/bin/../lib/gcc/arm-none-eabi/7.2.1/../../../../arm-none-eabi/lib/thumb/v7e-m/fpv4-sp/hard\libg.a(lib_a-lock.o)
                0x200057fc                __lock___atexit_recursive_mutex
                0x20005800                __lock___arc4random_mutex
                0x20005804                __lock___env_recursive_mutex
                0x20005808                __lock___sinit_recursive_mutex
                0x2000580c                __lock___malloc_recursive_mutex
                0x20005810                __lock___at_quick_exit_mutex
                0x20005814                __lock___dd_hash_mutex
                0x20005818                __lock___tz_mutex
                0x2000581c                __lock___sfp_recursive_mutex
                0x20005820                . = ALIGN (0x4)
 *fill*         0x2000581d        0x3 
                0x20005820                __bss_end__ = .

.heap           0x20005820        0x0
                0x20005820                __heap_start__ = .
                0x20005820                end = __heap_start__
                0x20005820                _end = end
                0x20005820                __end = end
 *(.heap)
                0x20005820                __heap_end__ = .
                0x20005820                __HeapLimit = __heap_end__

.stack          0x20005820        0x0
                0x20005820                _stack = .
                0x20005820                __stack = .
 *(.stack)
START GROUP
LOAD c:/ti/ccsv8/tools/compiler/gcc-arm-none-eabi-7-2017-q4-major-win32/bin/../lib/gcc/arm-none-eabi/7.2.1/thumb/v7e-m/fpv4-sp/hard\libgcc.a
LOAD c:/ti/ccsv8/tools/compiler/gcc-arm-none-eabi-7-2017-q4-major-win32/bin/../lib/gcc/arm-none-eabi/7.2.1/../../../../arm-none-eabi/lib/thumb/v7e-m/fpv4-sp/hard\libg.a
LOAD c:/ti/ccsv8/tools/compiler/gcc-arm-none-eabi-7-2017-q4-major-win32/bin/../lib/gcc/arm-none-eabi/7.2.1/../../../../arm-none-eabi/lib/thumb/v7e-m/fpv4-sp/hard\libc.a
END GROUP
START GROUP
LOAD c:/ti/ccsv8/tools/compiler/gcc-arm-none-eabi-7-2017-q4-major-win32/bin/../lib/gcc/arm-none-eabi/7.2.1/thumb/v7e-m/fpv4-sp/hard\libgcc.a
LOAD c:/ti/ccsv8/tools/compiler/gcc-arm-none-eabi-7-2017-q4-major-win32/bin/../lib/gcc/arm-none-eabi/7.2.1/../../../../arm-none-eabi/lib/thumb/v7e-m/fpv4-sp/hard\libc.a
LOAD c:/ti/ccsv8/tools/compiler/gcc-arm-none-eabi-7-2017-q4-major-win32/bin/../lib/gcc/arm-none-eabi/7.2.1/../../../../arm-none-eabi/lib/thumb/v7e-m/fpv4-sp/hard\libnosys.a
END GROUP
LOAD c:/ti/ccsv8/tools/compiler/gcc-arm-none-eabi-7-2017-q4-major-win32/bin/../lib/gcc/arm-none-eabi/7.2.1/thumb/v7e-m/fpv4-sp/hard/crtend.o
LOAD c:/ti/ccsv8/tools/compiler/gcc-arm-none-eabi-7-2017-q4-major-win32/bin/../lib/gcc/arm-none-eabi/7.2.1/thumb/v7e-m/fpv4-sp/hard/crtn.o
OUTPUT(FreeRTOSdemoTIVA.out elf32-littlearm)

.ARM.attributes
                0x00000000       0x30
 .ARM.attributes
                0x00000000       0x22 c:/ti/ccsv8/tools/compiler/gcc-arm-none-eabi-7-2017-q4-major-win32/bin/../lib/gcc/arm-none-eabi/7.2.1/thumb/v7e-m/fpv4-sp/hard/crti.o
 .ARM.attributes
                0x00000022       0x34 c:/ti/ccsv8/tools/compiler/gcc-arm-none-eabi-7-2017-q4-major-win32/bin/../lib/gcc/arm-none-eabi/7.2.1/thumb/v7e-m/fpv4-sp/hard/crtbegin.o
 .ARM.attributes
                0x00000056       0x20 c:/ti/ccsv8/tools/compiler/gcc-arm-none-eabi-7-2017-q4-major-win32/bin/../lib/gcc/arm-none-eabi/7.2.1/../../../../arm-none-eabi/lib/thumb/v7e-m/fpv4-sp/hard/crt0.o
 .ARM.attributes
                0x00000076       0x39 ./common.o
 .ARM.attributes
                0x000000af       0x39 ./gpio.o
 .ARM.attributes
                0x000000e8       0x39 ./heap_2.o
 .ARM.attributes
                0x00000121       0x39 ./list.o
 .ARM.attributes
                0x0000015a       0x39 ./main.o
 .ARM.attributes
                0x00000193       0x39 ./port.o
 .ARM.attributes
                0x000001cc       0x39 ./queue.o
 .ARM.attributes
                0x00000205       0x39 ./tasks.o
 .ARM.attributes
                0x0000023e       0x39 ./timers.o
 .ARM.attributes
                0x00000277       0x39 ./tm4c123gh6pm_startup_ccs_gcc.o
 .ARM.attributes
                0x000002b0       0x34 c:/ti/ccsv8/tools/compiler/gcc-arm-none-eabi-7-2017-q4-major-win32/bin/../lib/gcc/arm-none-eabi/7.2.1/../../../../arm-none-eabi/lib/thumb/v7e-m/fpv4-sp/hard\libg.a(lib_a-exit.o)
 .ARM.attributes
                0x000002e4       0x34 c:/ti/ccsv8/tools/compiler/gcc-arm-none-eabi-7-2017-q4-major-win32/bin/../lib/gcc/arm-none-eabi/7.2.1/../../../../arm-none-eabi/lib/thumb/v7e-m/fpv4-sp/hard\libg.a(lib_a-impure.o)
 .ARM.attributes
                0x00000318       0x34 c:/ti/ccsv8/tools/compiler/gcc-arm-none-eabi-7-2017-q4-major-win32/bin/../lib/gcc/arm-none-eabi/7.2.1/../../../../arm-none-eabi/lib/thumb/v7e-m/fpv4-sp/hard\libg.a(lib_a-init.o)
 .ARM.attributes
                0x0000034c       0x20 c:/ti/ccsv8/tools/compiler/gcc-arm-none-eabi-7-2017-q4-major-win32/bin/../lib/gcc/arm-none-eabi/7.2.1/../../../../arm-none-eabi/lib/thumb/v7e-m/fpv4-sp/hard\libg.a(lib_a-memcpy.o)
 .ARM.attributes
                0x0000036c       0x34 c:/ti/ccsv8/tools/compiler/gcc-arm-none-eabi-7-2017-q4-major-win32/bin/../lib/gcc/arm-none-eabi/7.2.1/../../../../arm-none-eabi/lib/thumb/v7e-m/fpv4-sp/hard\libg.a(lib_a-memset.o)
 .ARM.attributes
                0x000003a0       0x34 c:/ti/ccsv8/tools/compiler/gcc-arm-none-eabi-7-2017-q4-major-win32/bin/../lib/gcc/arm-none-eabi/7.2.1/../../../../arm-none-eabi/lib/thumb/v7e-m/fpv4-sp/hard\libg.a(lib_a-__call_atexit.o)
 .ARM.attributes
                0x000003d4       0x34 c:/ti/ccsv8/tools/compiler/gcc-arm-none-eabi-7-2017-q4-major-win32/bin/../lib/gcc/arm-none-eabi/7.2.1/../../../../arm-none-eabi/lib/thumb/v7e-m/fpv4-sp/hard\libg.a(lib_a-atexit.o)
 .ARM.attributes
                0x00000408       0x34 c:/ti/ccsv8/tools/compiler/gcc-arm-none-eabi-7-2017-q4-major-win32/bin/../lib/gcc/arm-none-eabi/7.2.1/../../../../arm-none-eabi/lib/thumb/v7e-m/fpv4-sp/hard\libg.a(lib_a-fini.o)
 .ARM.attributes
                0x0000043c       0x34 c:/ti/ccsv8/tools/compiler/gcc-arm-none-eabi-7-2017-q4-major-win32/bin/../lib/gcc/arm-none-eabi/7.2.1/../../../../arm-none-eabi/lib/thumb/v7e-m/fpv4-sp/hard\libg.a(lib_a-lock.o)
 .ARM.attributes
                0x00000470       0x34 c:/ti/ccsv8/tools/compiler/gcc-arm-none-eabi-7-2017-q4-major-win32/bin/../lib/gcc/arm-none-eabi/7.2.1/../../../../arm-none-eabi/lib/thumb/v7e-m/fpv4-sp/hard\libg.a(lib_a-__atexit.o)
 .ARM.attributes
                0x000004a4       0x34 c:/ti/ccsv8/tools/compiler/gcc-arm-none-eabi-7-2017-q4-major-win32/bin/../lib/gcc/arm-none-eabi/7.2.1/../../../../arm-none-eabi/lib/thumb/v7e-m/fpv4-sp/hard\libnosys.a(_exit.o)
 .ARM.attributes
                0x000004d8       0x34 c:/ti/ccsv8/tools/compiler/gcc-arm-none-eabi-7-2017-q4-major-win32/bin/../lib/gcc/arm-none-eabi/7.2.1/thumb/v7e-m/fpv4-sp/hard/crtend.o
 .ARM.attributes
                0x0000050c       0x22 c:/ti/ccsv8/tools/compiler/gcc-arm-none-eabi-7-2017-q4-major-win32/bin/../lib/gcc/arm-none-eabi/7.2.1/thumb/v7e-m/fpv4-sp/hard/crtn.o

.comment        0x00000000       0x7e
 .comment       0x00000000       0x7e ./common.o
                                 0x7f (size before relaxing)
 .comment       0x0000007e       0x7f ./gpio.o
 .comment       0x0000007e       0x7f ./heap_2.o
 .comment       0x0000007e       0x7f ./list.o
 .comment       0x0000007e       0x7f ./main.o
 .comment       0x0000007e       0x7f ./port.o
 .comment       0x0000007e       0x7f ./queue.o
 .comment       0x0000007e       0x7f ./tasks.o
 .comment       0x0000007e       0x7f ./timers.o
 .comment       0x0000007e       0x7f ./tm4c123gh6pm_startup_ccs_gcc.o

.debug_info     0x00000000     0x83fe
 .debug_info    0x00000000      0x105 ./common.o
 .debug_info    0x00000105       0xb7 ./gpio.o
 .debug_info    0x000001bc      0xb33 ./heap_2.o
 .debug_info    0x00000cef      0xaef ./list.o
 .debug_info    0x000017de      0xa31 ./main.o
 .debug_info    0x0000220f      0x525 ./port.o
 .debug_info    0x00002734     0x1f39 ./queue.o
 .debug_info    0x0000466d     0x274e ./tasks.o
 .debug_info    0x00006dbb     0x14a6 ./timers.o
 .debug_info    0x00008261      0x19d ./tm4c123gh6pm_startup_ccs_gcc.o

.debug_abbrev   0x00000000     0x1419
 .debug_abbrev  0x00000000       0x95 ./common.o
 .debug_abbrev  0x00000095       0x59 ./gpio.o
 .debug_abbrev  0x000000ee      0x284 ./heap_2.o
 .debug_abbrev  0x00000372      0x217 ./list.o
 .debug_abbrev  0x00000589      0x23e ./main.o
 .debug_abbrev  0x000007c7      0x216 ./port.o
 .debug_abbrev  0x000009dd      0x338 ./queue.o
 .debug_abbrev  0x00000d15      0x369 ./tasks.o
 .debug_abbrev  0x0000107e      0x2d1 ./timers.o
 .debug_abbrev  0x0000134f       0xca ./tm4c123gh6pm_startup_ccs_gcc.o

.debug_aranges  0x00000000      0x598
 .debug_aranges
                0x00000000       0x28 ./common.o
 .debug_aranges
                0x00000028       0x20 ./gpio.o
 .debug_aranges
                0x00000048       0x40 ./heap_2.o
 .debug_aranges
                0x00000088       0x40 ./list.o
 .debug_aranges
                0x000000c8       0x30 ./main.o
 .debug_aranges
                0x000000f8       0x80 ./port.o
 .debug_aranges
                0x00000178      0x130 ./queue.o
 .debug_aranges
                0x000002a8      0x1e8 ./tasks.o
 .debug_aranges
                0x00000490       0xd0 ./timers.o
 .debug_aranges
                0x00000560       0x38 ./tm4c123gh6pm_startup_ccs_gcc.o

.debug_ranges   0x00000000      0x6d8
 .debug_ranges  0x00000000       0x18 ./common.o
 .debug_ranges  0x00000018       0x10 ./gpio.o
 .debug_ranges  0x00000028       0x48 ./heap_2.o
 .debug_ranges  0x00000070       0x30 ./list.o
 .debug_ranges  0x000000a0       0x20 ./main.o
 .debug_ranges  0x000000c0       0x70 ./port.o
 .debug_ranges  0x00000130      0x200 ./queue.o
 .debug_ranges  0x00000330      0x2c0 ./tasks.o
 .debug_ranges  0x000005f0       0xc0 ./timers.o
 .debug_ranges  0x000006b0       0x28 ./tm4c123gh6pm_startup_ccs_gcc.o

.debug_line     0x00000000     0x302d
 .debug_line    0x00000000      0x235 ./common.o
 .debug_line    0x00000235      0x122 ./gpio.o
 .debug_line    0x00000357      0x333 ./heap_2.o
 .debug_line    0x0000068a      0x3a2 ./list.o
 .debug_line    0x00000a2c      0x31e ./main.o
 .debug_line    0x00000d4a      0x3cf ./port.o
 .debug_line    0x00001119      0x9eb ./queue.o
 .debug_line    0x00001b04      0xd76 ./tasks.o
 .debug_line    0x0000287a      0x62f ./timers.o
 .debug_line    0x00002ea9      0x184 ./tm4c123gh6pm_startup_ccs_gcc.o

.debug_str      0x00000000     0x2313
 .debug_str     0x00000000      0x23b ./common.o
                                0x27d (size before relaxing)
 .debug_str     0x0000023b       0x24 ./gpio.o
                                0x20e (size before relaxing)
 .debug_str     0x0000025f      0x524 ./heap_2.o
                                0x789 (size before relaxing)
 .debug_str     0x00000783      0x133 ./list.o
                                0x732 (size before relaxing)
 .debug_str     0x000008b6       0xf2 ./main.o
                                0x739 (size before relaxing)
 .debug_str     0x000009a8      0x23c ./port.o
                                0x480 (size before relaxing)
 .debug_str     0x00000be4      0x642 ./queue.o
                                0xdc9 (size before relaxing)
 .debug_str     0x00001226      0xbe5 ./tasks.o
                               0x1497 (size before relaxing)
 .debug_str     0x00001e0b      0x44d ./timers.o
                                0xbd5 (size before relaxing)
 .debug_str     0x00002258       0xbb ./tm4c123gh6pm_startup_ccs_gcc.o
                                0x2ad (size before relaxing)

.debug_frame    0x00000000     0x114c
 .debug_frame   0x00000000       0x30 ./common.o
 .debug_frame   0x00000030       0x20 ./gpio.o
 .debug_frame   0x00000050       0x80 ./heap_2.o
 .debug_frame   0x000000d0       0x6c ./list.o
 .debug_frame   0x0000013c       0x68 ./main.o
 .debug_frame   0x000001a4      0x100 ./port.o
 .debug_frame   0x000002a4      0x3ac ./queue.o
 .debug_frame   0x00000650      0x5f4 ./tasks.o
 .debug_frame   0x00000c44      0x270 ./timers.o
 .debug_frame   0x00000eb4       0x58 ./tm4c123gh6pm_startup_ccs_gcc.o
 .debug_frame   0x00000f0c       0x28 c:/ti/ccsv8/tools/compiler/gcc-arm-none-eabi-7-2017-q4-major-win32/bin/../lib/gcc/arm-none-eabi/7.2.1/../../../../arm-none-eabi/lib/thumb/v7e-m/fpv4-sp/hard\libg.a(lib_a-exit.o)
 .debug_frame   0x00000f34       0x2c c:/ti/ccsv8/tools/compiler/gcc-arm-none-eabi-7-2017-q4-major-win32/bin/../lib/gcc/arm-none-eabi/7.2.1/../../../../arm-none-eabi/lib/thumb/v7e-m/fpv4-sp/hard\libg.a(lib_a-init.o)
 .debug_frame   0x00000f60       0x38 c:/ti/ccsv8/tools/compiler/gcc-arm-none-eabi-7-2017-q4-major-win32/bin/../lib/gcc/arm-none-eabi/7.2.1/../../../../arm-none-eabi/lib/thumb/v7e-m/fpv4-sp/hard\libg.a(lib_a-memset.o)
 .debug_frame   0x00000f98       0x5c c:/ti/ccsv8/tools/compiler/gcc-arm-none-eabi-7-2017-q4-major-win32/bin/../lib/gcc/arm-none-eabi/7.2.1/../../../../arm-none-eabi/lib/thumb/v7e-m/fpv4-sp/hard\libg.a(lib_a-__call_atexit.o)
 .debug_frame   0x00000ff4       0x20 c:/ti/ccsv8/tools/compiler/gcc-arm-none-eabi-7-2017-q4-major-win32/bin/../lib/gcc/arm-none-eabi/7.2.1/../../../../arm-none-eabi/lib/thumb/v7e-m/fpv4-sp/hard\libg.a(lib_a-atexit.o)
 .debug_frame   0x00001014       0x34 c:/ti/ccsv8/tools/compiler/gcc-arm-none-eabi-7-2017-q4-major-win32/bin/../lib/gcc/arm-none-eabi/7.2.1/../../../../arm-none-eabi/lib/thumb/v7e-m/fpv4-sp/hard\libg.a(lib_a-fini.o)
 .debug_frame   0x00001048       0xb0 c:/ti/ccsv8/tools/compiler/gcc-arm-none-eabi-7-2017-q4-major-win32/bin/../lib/gcc/arm-none-eabi/7.2.1/../../../../arm-none-eabi/lib/thumb/v7e-m/fpv4-sp/hard\libg.a(lib_a-lock.o)
 .debug_frame   0x000010f8       0x34 c:/ti/ccsv8/tools/compiler/gcc-arm-none-eabi-7-2017-q4-major-win32/bin/../lib/gcc/arm-none-eabi/7.2.1/../../../../arm-none-eabi/lib/thumb/v7e-m/fpv4-sp/hard\libg.a(lib_a-__atexit.o)
 .debug_frame   0x0000112c       0x20 c:/ti/ccsv8/tools/compiler/gcc-arm-none-eabi-7-2017-q4-major-win32/bin/../lib/gcc/arm-none-eabi/7.2.1/../../../../arm-none-eabi/lib/thumb/v7e-m/fpv4-sp/hard\libnosys.a(_exit.o)

.debug_loc      0x00000000     0x2b8a
 .debug_loc     0x00000000      0x1a1 ./heap_2.o
 .debug_loc     0x000001a1       0x62 ./list.o
 .debug_loc     0x00000203       0x63 ./main.o
 .debug_loc     0x00000266       0x57 ./port.o
 .debug_loc     0x000002bd      0xd9b ./queue.o
 .debug_loc     0x00001058     0x140f ./tasks.o
 .debug_loc     0x00002467      0x6fd ./timers.o
 .debug_loc     0x00002b64       0x26 ./tm4c123gh6pm_startup_ccs_gcc.o
